Archive member included to satisfy reference by file (symbol)

c:/progra~2/gnutoo~1/92019-~1/bin/../lib/gcc/arm-none-eabi/9.2.1/thumb/v6-m/nofp\libgcc.a(_dvmd_tls.o)
                              CMakeFiles/picoprobe.dir/D_/GitHub/pico-sdk/src/rp2_common/pico_divider/divider.S.obj (__aeabi_idiv0)
c:/progra~2/gnutoo~1/92019-~1/bin/../lib/gcc/arm-none-eabi/9.2.1/../../../../arm-none-eabi/lib/thumb/v6-m/nofp\libg.a(lib_a-calloc.o)
                              CMakeFiles/picoprobe.dir/D_/GitHub/pico-sdk/src/rp2_common/pico_malloc/pico_malloc.c.obj (calloc)
c:/progra~2/gnutoo~1/92019-~1/bin/../lib/gcc/arm-none-eabi/9.2.1/../../../../arm-none-eabi/lib/thumb/v6-m/nofp\libg.a(lib_a-callocr.o)
                              c:/progra~2/gnutoo~1/92019-~1/bin/../lib/gcc/arm-none-eabi/9.2.1/../../../../arm-none-eabi/lib/thumb/v6-m/nofp\libg.a(lib_a-calloc.o) (_calloc_r)
c:/progra~2/gnutoo~1/92019-~1/bin/../lib/gcc/arm-none-eabi/9.2.1/../../../../arm-none-eabi/lib/thumb/v6-m/nofp\libg.a(lib_a-ctype_.o)
                              CMakeFiles/picoprobe.dir/D_/GitHub/pico-sdk/lib/tinyusb/src/tusb.c.obj (_ctype_)
c:/progra~2/gnutoo~1/92019-~1/bin/../lib/gcc/arm-none-eabi/9.2.1/../../../../arm-none-eabi/lib/thumb/v6-m/nofp\libg.a(lib_a-impure.o)
                              c:/progra~2/gnutoo~1/92019-~1/bin/../lib/gcc/arm-none-eabi/9.2.1/../../../../arm-none-eabi/lib/thumb/v6-m/nofp\libg.a(lib_a-calloc.o) (_impure_ptr)
c:/progra~2/gnutoo~1/92019-~1/bin/../lib/gcc/arm-none-eabi/9.2.1/../../../../arm-none-eabi/lib/thumb/v6-m/nofp\libg.a(lib_a-init.o)
                              c:/progra~2/gnutoo~1/92019-~1/bin/../lib/gcc/arm-none-eabi/9.2.1/../../../../arm-none-eabi/lib/thumb/v6-m/nofp/crt0.o (__libc_init_array)
c:/progra~2/gnutoo~1/92019-~1/bin/../lib/gcc/arm-none-eabi/9.2.1/../../../../arm-none-eabi/lib/thumb/v6-m/nofp\libg.a(lib_a-malloc.o)
                              CMakeFiles/picoprobe.dir/D_/GitHub/pico-sdk/src/rp2_common/pico_malloc/pico_malloc.c.obj (malloc)
c:/progra~2/gnutoo~1/92019-~1/bin/../lib/gcc/arm-none-eabi/9.2.1/../../../../arm-none-eabi/lib/thumb/v6-m/nofp\libg.a(lib_a-mallocr.o)
                              c:/progra~2/gnutoo~1/92019-~1/bin/../lib/gcc/arm-none-eabi/9.2.1/../../../../arm-none-eabi/lib/thumb/v6-m/nofp\libg.a(lib_a-callocr.o) (_malloc_r)
c:/progra~2/gnutoo~1/92019-~1/bin/../lib/gcc/arm-none-eabi/9.2.1/../../../../arm-none-eabi/lib/thumb/v6-m/nofp\libg.a(lib_a-mlock.o)
                              c:/progra~2/gnutoo~1/92019-~1/bin/../lib/gcc/arm-none-eabi/9.2.1/../../../../arm-none-eabi/lib/thumb/v6-m/nofp\libg.a(lib_a-mallocr.o) (__malloc_lock)
c:/progra~2/gnutoo~1/92019-~1/bin/../lib/gcc/arm-none-eabi/9.2.1/../../../../arm-none-eabi/lib/thumb/v6-m/nofp\libg.a(lib_a-sbrkr.o)
                              c:/progra~2/gnutoo~1/92019-~1/bin/../lib/gcc/arm-none-eabi/9.2.1/../../../../arm-none-eabi/lib/thumb/v6-m/nofp\libg.a(lib_a-mallocr.o) (_sbrk_r)
c:/progra~2/gnutoo~1/92019-~1/bin/../lib/gcc/arm-none-eabi/9.2.1/../../../../arm-none-eabi/lib/thumb/v6-m/nofp\libg.a(lib_a-strlen-stub.o)
                              CMakeFiles/picoprobe.dir/src/usb_descriptors.c.obj (strlen)
c:/progra~2/gnutoo~1/92019-~1/bin/../lib/gcc/arm-none-eabi/9.2.1/../../../../arm-none-eabi/lib/thumb/v6-m/nofp\libg.a(lib_a-freer.o)
                              c:/progra~2/gnutoo~1/92019-~1/bin/../lib/gcc/arm-none-eabi/9.2.1/../../../../arm-none-eabi/lib/thumb/v6-m/nofp\libg.a(lib_a-malloc.o) (_free_r)
c:/progra~2/gnutoo~1/92019-~1/bin/../lib/gcc/arm-none-eabi/9.2.1/../../../../arm-none-eabi/lib/thumb/v6-m/nofp\libg.a(lib_a-lock.o)
                              c:/progra~2/gnutoo~1/92019-~1/bin/../lib/gcc/arm-none-eabi/9.2.1/../../../../arm-none-eabi/lib/thumb/v6-m/nofp\libg.a(lib_a-mlock.o) (__retarget_lock_acquire_recursive)
c:/progra~2/gnutoo~1/92019-~1/bin/../lib/gcc/arm-none-eabi/9.2.1/../../../../arm-none-eabi/lib/thumb/v6-m/nofp\libg.a(lib_a-reent.o)
                              c:/progra~2/gnutoo~1/92019-~1/bin/../lib/gcc/arm-none-eabi/9.2.1/../../../../arm-none-eabi/lib/thumb/v6-m/nofp\libg.a(lib_a-sbrkr.o) (errno)

Allocating common symbols
Common symbol       size              file

__lock___atexit_recursive_mutex
                    0x1               c:/progra~2/gnutoo~1/92019-~1/bin/../lib/gcc/arm-none-eabi/9.2.1/../../../../arm-none-eabi/lib/thumb/v6-m/nofp\libg.a(lib_a-lock.o)
sf_table            0x100             CMakeFiles/picoprobe.dir/D_/GitHub/pico-sdk/src/rp2_common/pico_float/float_init_rom.c.obj
__lock___arc4random_mutex
                    0x1               c:/progra~2/gnutoo~1/92019-~1/bin/../lib/gcc/arm-none-eabi/9.2.1/../../../../arm-none-eabi/lib/thumb/v6-m/nofp\libg.a(lib_a-lock.o)
usb_serial          0x11              CMakeFiles/picoprobe.dir/src/get_serial.c.obj
errno               0x4               c:/progra~2/gnutoo~1/92019-~1/bin/../lib/gcc/arm-none-eabi/9.2.1/../../../../arm-none-eabi/lib/thumb/v6-m/nofp\libg.a(lib_a-reent.o)
__lock___env_recursive_mutex
[...]
Memory Configuration

Name             Origin             Length             Attributes
FLASH            0x10000000         0x00200000         xr
RAM              0x20000000         0x00040000         xrw
SCRATCH_X        0x20040000         0x00001000         xrw
SCRATCH_Y        0x20041000         0x00001000         xrw
*default*        0x00000000         0xffffffff

Linker script and memory map

LOAD c:/progra~2/gnutoo~1/92019-~1/bin/../lib/gcc/arm-none-eabi/9.2.1/thumb/v6-m/nofp/crti.o
LOAD c:/progra~2/gnutoo~1/92019-~1/bin/../lib/gcc/arm-none-eabi/9.2.1/thumb/v6-m/nofp/crtbegin.o
LOAD c:/progra~2/gnutoo~1/92019-~1/bin/../lib/gcc/arm-none-eabi/9.2.1/../../../../arm-none-eabi/lib/thumb/v6-m/nofp/crt0.o

.flash_begin    0x10000000        0x0
                0x10000000                __flash_binary_start = .

.boot2          0x10000000      0x100
                0x10000000                __boot2_start__ = .
 *(.boot2)
 .boot2         0x10000000      0x100 C:\Users\58218\AppData\Local\Temp\ccUiEh92.o
                0x10000100                __boot2_end__ = .
                0x00000001                ASSERT (((__boot2_end__ - __boot2_start__) == 0x100), ERROR: Pico second stage bootloader must be 256 bytes in size)

.text           0x10000100     0x7658
                0x10000100                __logical_binary_start = .
 *(.vectors)
 .vectors       0x10000100       0xd4 CMakeFiles/picoprobe.dir/D_/GitHub/pico-sdk/src/rp2_common/pico_standard_link/crt0.S.obj
                0x10000100                __VECTOR_TABLE
                0x10000100                __vectors
                0x100001c0                isr_invalid
                0x100001c0                __default_isrs_start
                0x100001c2                isr_nmi
                0x100001c4                isr_hardfault
                0x100001c6                isr_svcall
                0x100001c8                isr_pendsv
                0x100001ca                isr_systick
                0x100001cc                isr_irq23
                0x100001cc                isr_irq18
                0x100001cc                isr_irq11
                0x100001cc                isr_irq28
                0x100001cc                isr_irq19
                0x100001cc                isr_irq0
                0x100001cc                isr_irq6
                0x100001cc                isr_irq5
                0x100001cc                isr_irq12
                0x100001cc                isr_irq22
                0x100001cc                isr_irq31
                0x100001cc                isr_irq17
                0x100001cc                isr_irq27
                0x100001cc                isr_irq30
                0x100001cc                isr_irq2
                0x100001cc                isr_irq10
                0x100001cc                isr_irq8
                0x100001cc                isr_irq24
                0x100001cc                isr_irq1
                0x100001cc                isr_irq7
                0x100001cc                isr_irq21
                0x100001cc                isr_irq20
                0x100001cc                isr_irq15
                0x100001cc                isr_irq25
                0x100001cc                isr_irq13
                0x100001cc                __unhandled_user_irq
                0x100001cc                isr_irq4
                0x100001cc                isr_irq16
                0x100001cc                isr_irq29
                0x100001cc                isr_irq26
                0x100001cc                __default_isrs_end
                0x100001cc                isr_irq3
                0x100001cc                isr_irq14
                0x100001cc                isr_irq9
                0x100001d2                unhandled_user_irq_num_in_r0
 *(.binary_info_header)
 .binary_info_header
                0x100001d4       0x14 CMakeFiles/picoprobe.dir/D_/GitHub/pico-sdk/src/rp2_common/pico_standard_link/crt0.S.obj
                0x100001e8                __binary_info_header_end = .
 *(.reset)
 .reset         0x100001e8       0xa8 CMakeFiles/picoprobe.dir/D_/GitHub/pico-sdk/src/rp2_common/pico_standard_link/crt0.S.obj
                0x100001e8                _entry_point
                0x10000266                __get_current_exception
 .reset         0x10000290       0x30 CMakeFiles/picoprobe.dir/D_/GitHub/pico-sdk/src/rp2_common/pico_standard_link/binary_info.c.obj
 *(.init)
 .init          0x100002c0        0x4 c:/progra~2/gnutoo~1/92019-~1/bin/../lib/gcc/arm-none-eabi/9.2.1/thumb/v6-m/nofp/crti.o
                0x100002c0                _init
 *(EXCLUDE_FILE(*libm.a: *libc.a:*lib_a-mem*.o *libgcc.a:) .text*)
 .text          0x100002c4       0x48 c:/progra~2/gnutoo~1/92019-~1/bin/../lib/gcc/arm-none-eabi/9.2.1/thumb/v6-m/nofp/crtbegin.o
 .text.led_init
                0x1000030c       0x20 CMakeFiles/picoprobe.dir/src/led.c.obj
                0x1000030c                led_init
 .text.led_task
                0x1000032c       0x30 CMakeFiles/picoprobe.dir/src/led.c.obj
                0x1000032c                led_task
 .text.led_signal_activity
                0x1000035c       0x28 CMakeFiles/picoprobe.dir/src/led.c.obj
                0x1000035c                led_signal_activity
 .text.main     0x10000384       0x2c CMakeFiles/picoprobe.dir/src/main.c.obj
                0x10000384                main
 .text.tud_descriptor_device_cb
                0x100003b0        0x8 CMakeFiles/picoprobe.dir/src/usb_descriptors.c.obj
                0x100003b0                tud_descriptor_device_cb
 .text.tud_descriptor_configuration_cb
                0x100003b8        0x8 CMakeFiles/picoprobe.dir/src/usb_descriptors.c.obj
                0x100003b8                tud_descriptor_configuration_cb
 .text.tud_descriptor_string_cb
                0x100003c0       0x60 CMakeFiles/picoprobe.dir/src/usb_descriptors.c.obj
                0x100003c0                tud_descriptor_string_cb
 .text.probe_read_mode
                0x10000420       0x28 CMakeFiles/picoprobe.dir/src/probe.c.obj
 .text.probe_write_mode
                0x10000448       0x28 CMakeFiles/picoprobe.dir/src/probe.c.obj
 .text.probe_set_swclk_freq
                0x10000470       0x28 CMakeFiles/picoprobe.dir/src/probe.c.obj
                0x10000470                probe_set_swclk_freq
 .text.probe_init
                0x10000498      0x130 CMakeFiles/picoprobe.dir/src/probe.c.obj
                0x10000498                probe_init
 .text.probe_handle_read
                0x100005c8       0x60 CMakeFiles/picoprobe.dir/src/probe.c.obj
                0x100005c8                probe_handle_read
 .text.probe_handle_write
                0x10000628       0x54 CMakeFiles/picoprobe.dir/src/probe.c.obj
                0x10000628                probe_handle_write
 .text.probe_prepare_read_header
                0x1000067c       0x2c CMakeFiles/picoprobe.dir/src/probe.c.obj
                0x1000067c                probe_prepare_read_header
 .text.probe_handle_pkt
                0x100006a8       0xc8 CMakeFiles/picoprobe.dir/src/probe.c.obj
                0x100006a8                probe_handle_pkt
 .text.probe_task
                0x10000770       0x5c CMakeFiles/picoprobe.dir/src/probe.c.obj
                0x10000770                probe_task
 .text.cdc_uart_init
                0x100007cc       0x24 CMakeFiles/picoprobe.dir/src/cdc_uart.c.obj
                0x100007cc                cdc_uart_init
 .text.cdc_task
                0x100007f0       0xb0 CMakeFiles/picoprobe.dir/src/cdc_uart.c.obj
                0x100007f0                cdc_task
 .text.tud_cdc_line_coding_cb
                0x100008a0       0x24 CMakeFiles/picoprobe.dir/src/cdc_uart.c.obj
                0x100008a0                tud_cdc_line_coding_cb
 .text.usb_serial_init
                0x100008c4       0x3c CMakeFiles/picoprobe.dir/src/get_serial.c.obj
                0x100008c4                usb_serial_init
 .text.gpio_set_function
                0x10000900       0x30 CMakeFiles/picoprobe.dir/D_/GitHub/pico-sdk/src/rp2_common/hardware_gpio/gpio.c.obj
                0x10000900                gpio_set_function
 .text.gpio_set_pulls
                0x10000930       0x34 CMakeFiles/picoprobe.dir/D_/GitHub/pico-sdk/src/rp2_common/hardware_gpio/gpio.c.obj
                0x10000930                gpio_set_pulls
 .text.gpio_init
                0x10000964       0x16 CMakeFiles/picoprobe.dir/D_/GitHub/pico-sdk/src/rp2_common/hardware_gpio/gpio.c.obj
                0x10000964                gpio_init
 *fill*         0x1000097a        0x2 
 .text.hw_claim_lock
                0x1000097c       0x18 CMakeFiles/picoprobe.dir/D_/GitHub/pico-sdk/src/rp2_common/hardware_claim/claim.c.obj
                0x1000097c                hw_claim_lock
 .text.hw_claim_unlock
                0x10000994       0x14 CMakeFiles/picoprobe.dir/D_/GitHub/pico-sdk/src/rp2_common/hardware_claim/claim.c.obj
                0x10000994                hw_claim_unlock
 .text.hw_claim_or_assert
                0x100009a8       0x32 CMakeFiles/picoprobe.dir/D_/GitHub/pico-sdk/src/rp2_common/hardware_claim/claim.c.obj
                0x100009a8                hw_claim_or_assert
 .text.hw_claim_unused_from_range
                0x100009da       0x50 CMakeFiles/picoprobe.dir/D_/GitHub/pico-sdk/src/rp2_common/hardware_claim/claim.c.obj
                0x100009da                hw_claim_unused_from_range
 *fill*         0x10000a2a        0x2 
 .text.running_on_fpga
                0x10000a2c       0x14 CMakeFiles/picoprobe.dir/D_/GitHub/pico-sdk/src/rp2_common/pico_platform/platform.c.obj
                0x10000a2c                running_on_fpga
 .text.spin_locks_reset
                0x10000a40       0x20 CMakeFiles/picoprobe.dir/D_/GitHub/pico-sdk/src/rp2_common/hardware_sync/sync.c.obj
                0x10000a40                spin_locks_reset
 .text.next_striped_spin_lock_num
                0x10000a60       0x1c CMakeFiles/picoprobe.dir/D_/GitHub/pico-sdk/src/rp2_common/hardware_sync/sync.c.obj
                0x10000a60                next_striped_spin_lock_num
 .text.spin_lock_claim_unused
                0x10000a7c       0x20 CMakeFiles/picoprobe.dir/D_/GitHub/pico-sdk/src/rp2_common/hardware_sync/sync.c.obj
                0x10000a7c                spin_lock_claim_unused
 .text.uart_set_baudrate
                0x10000a9c       0x5c CMakeFiles/picoprobe.dir/D_/GitHub/pico-sdk/src/rp2_common/hardware_uart/uart.c.obj
                0x10000a9c                uart_set_baudrate
 .text.uart_set_translate_crlf
                0x10000af8       0x28 CMakeFiles/picoprobe.dir/D_/GitHub/pico-sdk/src/rp2_common/hardware_uart/uart.c.obj
                0x10000af8                uart_set_translate_crlf
 .text.uart_init
                0x10000b20       0x80 CMakeFiles/picoprobe.dir/D_/GitHub/pico-sdk/src/rp2_common/hardware_uart/uart.c.obj
                0x10000b20                uart_init
 .text.alarm_pool_post_alloc_init
                0x10000ba0       0x40 CMakeFiles/picoprobe.dir/D_/GitHub/pico-sdk/src/common/pico_time/time.c.obj
 .text.sleep_until_callback
                0x10000be0       0x30 CMakeFiles/picoprobe.dir/D_/GitHub/pico-sdk/src/common/pico_time/time.c.obj
 .text.timer_pool_entry_comparator
                0x10000c10       0x7c CMakeFiles/picoprobe.dir/D_/GitHub/pico-sdk/src/common/pico_time/time.c.obj
                0x10000c10                timer_pool_entry_comparator
 .text.ph_add_child_node
                0x10000c8c       0xa4 CMakeFiles/picoprobe.dir/D_/GitHub/pico-sdk/src/common/pico_time/time.c.obj
 .text.ph_merge_nodes
                0x10000d30       0x3e CMakeFiles/picoprobe.dir/D_/GitHub/pico-sdk/src/common/pico_time/time.c.obj
 *fill*         0x10000d6e        0x2 
 .text.add_alarm_under_lock
                0x10000d70      0x174 CMakeFiles/picoprobe.dir/D_/GitHub/pico-sdk/src/common/pico_time/time.c.obj
 .text.alarm_pool_alarm_callback
                0x10000ee4      0x32c CMakeFiles/picoprobe.dir/D_/GitHub/pico-sdk/src/common/pico_time/time.c.obj
 .text.alarm_pool_init_default
                0x10001210       0x38 CMakeFiles/picoprobe.dir/D_/GitHub/pico-sdk/src/common/pico_time/time.c.obj
                0x10001210                alarm_pool_init_default
 .text.alarm_pool_get_default
                0x10001248       0x2c CMakeFiles/picoprobe.dir/D_/GitHub/pico-sdk/src/common/pico_time/time.c.obj
                0x10001248                alarm_pool_get_default
 .text.alarm_pool_add_alarm_at
                0x10001274      0x170 CMakeFiles/picoprobe.dir/D_/GitHub/pico-sdk/src/common/pico_time/time.c.obj
                0x10001274                alarm_pool_add_alarm_at
 .text.alarm_pool_cancel_alarm
                0x100013e4       0xec CMakeFiles/picoprobe.dir/D_/GitHub/pico-sdk/src/common/pico_time/time.c.obj
                0x100013e4                alarm_pool_cancel_alarm
 .text.best_effort_wfe_or_timeout
                0x100014d0       0x80 CMakeFiles/picoprobe.dir/D_/GitHub/pico-sdk/src/common/pico_time/time.c.obj
                0x100014d0                best_effort_wfe_or_timeout
 .text.hardware_alarm_irq_handler
                0x10001550       0x8c CMakeFiles/picoprobe.dir/D_/GitHub/pico-sdk/src/rp2_common/hardware_timer/timer.c.obj
 .text.hardware_alarm_claim
                0x100015dc       0x18 CMakeFiles/picoprobe.dir/D_/GitHub/pico-sdk/src/rp2_common/hardware_timer/timer.c.obj
                0x100015dc                hardware_alarm_claim
 .text.time_us_64
                0x100015f4       0x18 CMakeFiles/picoprobe.dir/D_/GitHub/pico-sdk/src/rp2_common/hardware_timer/timer.c.obj
                0x100015f4                time_us_64
 .text.hardware_alarm_set_callback
                0x1000160c       0x90 CMakeFiles/picoprobe.dir/D_/GitHub/pico-sdk/src/rp2_common/hardware_timer/timer.c.obj
                0x1000160c                hardware_alarm_set_callback
 .text.hardware_alarm_set_target
                0x1000169c       0xe8 CMakeFiles/picoprobe.dir/D_/GitHub/pico-sdk/src/rp2_common/hardware_timer/timer.c.obj
                0x1000169c                hardware_alarm_set_target
 .text.hardware_alarm_cancel
                0x10001784       0x40 CMakeFiles/picoprobe.dir/D_/GitHub/pico-sdk/src/rp2_common/hardware_timer/timer.c.obj
                0x10001784                hardware_alarm_cancel
 .text.lock_init
                0x100017c4       0x10 CMakeFiles/picoprobe.dir/D_/GitHub/pico-sdk/src/common/pico_sync/lock_core.c.obj
                0x100017c4                lock_init
 .text.mutex_init_internal
                0x100017d4       0x1e CMakeFiles/picoprobe.dir/D_/GitHub/pico-sdk/src/common/pico_sync/mutex.c.obj
 .text.mutex_init
                0x100017f2        0xa CMakeFiles/picoprobe.dir/D_/GitHub/pico-sdk/src/common/pico_sync/mutex.c.obj
                0x100017f2                mutex_init
 .text.recursive_mutex_init
                0x100017fc        0xa CMakeFiles/picoprobe.dir/D_/GitHub/pico-sdk/src/common/pico_sync/mutex.c.obj
                0x100017fc                recursive_mutex_init
 *fill*         0x10001806        0x2 
 .text.critical_section_init_with_lock_num
                0x10001808       0x14 CMakeFiles/picoprobe.dir/D_/GitHub/pico-sdk/src/common/pico_sync/critical_section.c.obj
                0x10001808                critical_section_init_with_lock_num
 .text.critical_section_init
                0x1000181c       0x14 CMakeFiles/picoprobe.dir/D_/GitHub/pico-sdk/src/common/pico_sync/critical_section.c.obj
                0x1000181c                critical_section_init
 .text.ph_add_child_node
                0x10001830       0xa4 CMakeFiles/picoprobe.dir/D_/GitHub/pico-sdk/src/common/pico_util/pheap.c.obj
 .text.ph_merge_nodes
                0x100018d4       0x3e CMakeFiles/picoprobe.dir/D_/GitHub/pico-sdk/src/common/pico_util/pheap.c.obj
 *fill*         0x10001912        0x2 
 .text.ph_clear
                0x10001914       0x70 CMakeFiles/picoprobe.dir/D_/GitHub/pico-sdk/src/common/pico_util/pheap.c.obj
                0x10001914                ph_clear
 .text.ph_post_alloc_init
                0x10001984        0xe CMakeFiles/picoprobe.dir/D_/GitHub/pico-sdk/src/common/pico_util/pheap.c.obj
                0x10001984                ph_post_alloc_init
 *fill*         0x10001992        0x2 
 .text.ph_merge_two_pass
                0x10001994       0xa8 CMakeFiles/picoprobe.dir/D_/GitHub/pico-sdk/src/common/pico_util/pheap.c.obj
                0x10001994                ph_merge_two_pass
 .text.ph_remove_any_head
                0x10001a3c      0x108 CMakeFiles/picoprobe.dir/D_/GitHub/pico-sdk/src/common/pico_util/pheap.c.obj
 .text.ph_remove_head
                0x10001b44       0x14 CMakeFiles/picoprobe.dir/D_/GitHub/pico-sdk/src/common/pico_util/pheap.c.obj
                0x10001b44                ph_remove_head
 .text.ph_remove_and_free_node
                0x10001b58       0xf8 CMakeFiles/picoprobe.dir/D_/GitHub/pico-sdk/src/common/pico_util/pheap.c.obj
                0x10001b58                ph_remove_and_free_node
 .text.runtime_init
                0x10001c50       0xd8 CMakeFiles/picoprobe.dir/D_/GitHub/pico-sdk/src/rp2_common/pico_runtime/runtime.c.obj
                0x10001c50                runtime_init
 .text._exit    0x10001d28        0x4 CMakeFiles/picoprobe.dir/D_/GitHub/pico-sdk/src/rp2_common/pico_runtime/runtime.c.obj
                0x10001d28                _exit
 .text.exit     0x10001d2c        0x6 CMakeFiles/picoprobe.dir/D_/GitHub/pico-sdk/src/rp2_common/pico_runtime/runtime.c.obj
                0x10001d2c                exit
 *fill*         0x10001d32        0x2 
 .text.__assert_func
                0x10001d34       0x3c CMakeFiles/picoprobe.dir/D_/GitHub/pico-sdk/src/rp2_common/pico_runtime/runtime.c.obj
                0x10001d34                __assert_func
 .text.panic    0x10001d70       0x30 CMakeFiles/picoprobe.dir/D_/GitHub/pico-sdk/src/rp2_common/pico_runtime/runtime.c.obj
                0x10001d70                panic
 .text.clock_configure
                0x10001da0      0x104 CMakeFiles/picoprobe.dir/D_/GitHub/pico-sdk/src/rp2_common/hardware_clocks/clocks.c.obj
                0x10001da0                clock_configure
 .text.clocks_init
                0x10001ea4      0x100 CMakeFiles/picoprobe.dir/D_/GitHub/pico-sdk/src/rp2_common/hardware_clocks/clocks.c.obj
                0x10001ea4                clocks_init
 .text.clock_get_hz
                0x10001fa4        0xc CMakeFiles/picoprobe.dir/D_/GitHub/pico-sdk/src/rp2_common/hardware_clocks/clocks.c.obj
                0x10001fa4                clock_get_hz
 .text.set_raw_irq_handler_and_unlock
                0x10001fb0       0x28 CMakeFiles/picoprobe.dir/D_/GitHub/pico-sdk/src/rp2_common/hardware_irq/irq.c.obj
 .text.make_branch
                0x10001fd8       0x34 CMakeFiles/picoprobe.dir/D_/GitHub/pico-sdk/src/rp2_common/hardware_irq/irq.c.obj
 .text.insert_branch_and_link
                0x1000200c       0x40 CMakeFiles/picoprobe.dir/D_/GitHub/pico-sdk/src/rp2_common/hardware_irq/irq.c.obj
 .text.irq_is_enabled
                0x1000204c       0x18 CMakeFiles/picoprobe.dir/D_/GitHub/pico-sdk/src/rp2_common/hardware_irq/irq.c.obj
                0x1000204c                irq_is_enabled
 .text.irq_set_mask_enabled
                0x10002064       0x20 CMakeFiles/picoprobe.dir/D_/GitHub/pico-sdk/src/rp2_common/hardware_irq/irq.c.obj
                0x10002064                irq_set_mask_enabled
 .text.irq_set_enabled
                0x10002084        0xe CMakeFiles/picoprobe.dir/D_/GitHub/pico-sdk/src/rp2_common/hardware_irq/irq.c.obj
                0x10002084                irq_set_enabled
 *fill*         0x10002092        0x2 
 .text.irq_get_vtable_handler
                0x10002094       0x10 CMakeFiles/picoprobe.dir/D_/GitHub/pico-sdk/src/rp2_common/hardware_irq/irq.c.obj
                0x10002094                irq_get_vtable_handler
 .text.irq_set_exclusive_handler
                0x100020a4       0x54 CMakeFiles/picoprobe.dir/D_/GitHub/pico-sdk/src/rp2_common/hardware_irq/irq.c.obj
                0x100020a4                irq_set_exclusive_handler
 .text.irq_remove_handler
                0x100020f8      0x1ac CMakeFiles/picoprobe.dir/D_/GitHub/pico-sdk/src/rp2_common/hardware_irq/irq.c.obj
                0x100020f8                irq_remove_handler
 .text.irq_set_priority
                0x100022a4       0x28 CMakeFiles/picoprobe.dir/D_/GitHub/pico-sdk/src/rp2_common/hardware_irq/irq.c.obj
                0x100022a4                irq_set_priority
 .text.irq_add_tail_to_free_list
                0x100022cc       0xf0 CMakeFiles/picoprobe.dir/D_/GitHub/pico-sdk/src/rp2_common/hardware_irq/irq.c.obj
                0x100022cc                irq_add_tail_to_free_list
 .text.irq_init_priorities
                0x100023bc       0x16 CMakeFiles/picoprobe.dir/D_/GitHub/pico-sdk/src/rp2_common/hardware_irq/irq.c.obj
                0x100023bc                irq_init_priorities
 *fill*         0x100023d2        0x2 
 .text.pll_init
                0x100023d4      0x118 CMakeFiles/picoprobe.dir/D_/GitHub/pico-sdk/src/rp2_common/hardware_pll/pll.c.obj
                0x100023d4                pll_init
 .text.watchdog_start_tick
                0x100024ec       0x10 CMakeFiles/picoprobe.dir/D_/GitHub/pico-sdk/src/rp2_common/hardware_watchdog/watchdog.c.obj
                0x100024ec                watchdog_start_tick
 .text.xosc_init
                0x100024fc       0x28 CMakeFiles/picoprobe.dir/D_/GitHub/pico-sdk/src/rp2_common/hardware_xosc/xosc.c.obj
                0x100024fc                xosc_init
 .text._out_null
                0x10002524        0x2 CMakeFiles/picoprobe.dir/D_/GitHub/pico-sdk/src/rp2_common/pico_printf/printf.c.obj
 .text._out_fct
                0x10002526        0xe CMakeFiles/picoprobe.dir/D_/GitHub/pico-sdk/src/rp2_common/pico_printf/printf.c.obj
 .text._atoi    0x10002534       0x24 CMakeFiles/picoprobe.dir/D_/GitHub/pico-sdk/src/rp2_common/pico_printf/printf.c.obj
 .text._out_rev
                0x10002558       0xae CMakeFiles/picoprobe.dir/D_/GitHub/pico-sdk/src/rp2_common/pico_printf/printf.c.obj
 .text._ntoa_format
                0x10002606      0x110 CMakeFiles/picoprobe.dir/D_/GitHub/pico-sdk/src/rp2_common/pico_printf/printf.c.obj
 .text._ntoa_long
                0x10002716       0xbc CMakeFiles/picoprobe.dir/D_/GitHub/pico-sdk/src/rp2_common/pico_printf/printf.c.obj
 .text._ntoa_long_long
                0x100027d2       0xe2 CMakeFiles/picoprobe.dir/D_/GitHub/pico-sdk/src/rp2_common/pico_printf/printf.c.obj
 .text._etoa    0x100028b4      0x40c CMakeFiles/picoprobe.dir/D_/GitHub/pico-sdk/src/rp2_common/pico_printf/printf.c.obj
 .text._ftoa    0x10002cc0      0x354 CMakeFiles/picoprobe.dir/D_/GitHub/pico-sdk/src/rp2_common/pico_printf/printf.c.obj
 .text._vsnprintf
                0x10003014      0x628 CMakeFiles/picoprobe.dir/D_/GitHub/pico-sdk/src/rp2_common/pico_printf/printf.c.obj
 .text.vfctprintf
                0x1000363c       0x20 CMakeFiles/picoprobe.dir/D_/GitHub/pico-sdk/src/rp2_common/pico_printf/printf.c.obj
                0x1000363c                vfctprintf
 .text          0x1000365c       0x10 CMakeFiles/picoprobe.dir/D_/GitHub/pico-sdk/src/rp2_common/pico_bit_ops/bit_ops_aeabi.S.obj
 .text.rom_func_lookup
                0x1000366c       0x10 CMakeFiles/picoprobe.dir/D_/GitHub/pico-sdk/src/rp2_common/pico_bootrom/bootrom.c.obj
                0x1000366c                rom_func_lookup
 .text.rom_data_lookup
                0x1000367c       0x10 CMakeFiles/picoprobe.dir/D_/GitHub/pico-sdk/src/rp2_common/pico_bootrom/bootrom.c.obj
                0x1000367c                rom_data_lookup
 .text.rom_funcs_lookup
                0x1000368c       0x36 CMakeFiles/picoprobe.dir/D_/GitHub/pico-sdk/src/rp2_common/pico_bootrom/bootrom.c.obj
                0x1000368c                rom_funcs_lookup
 *fill*         0x100036c2        0x2 
 .text.__wrap___aeabi_idiv
                0x100036c4       0x50 CMakeFiles/picoprobe.dir/D_/GitHub/pico-sdk/src/rp2_common/pico_divider/divider.S.obj
                0x100036c4                __wrap___aeabi_idivmod
                0x100036c4                divmod_s32s32
                0x100036c4                div_s32s32
                0x100036c4                __wrap___aeabi_idiv
                0x100036cc                divmod_s32s32_unsafe
                0x100036f8                divmod_s32s32_savestate
 .text.__wrap___aeabi_uidiv
                0x10003714       0x4c CMakeFiles/picoprobe.dir/D_/GitHub/pico-sdk/src/rp2_common/pico_divider/divider.S.obj
                0x10003714                __wrap___aeabi_uidiv
                0x10003714                __wrap___aeabi_uidivmod
                0x10003714                div_u32u32
                0x10003714                divmod_u32u32
                0x1000371c                divmod_u32u32_unsafe
                0x10003744                divmod_u32u32_savestate
 .text.__wrap___aeabi_ldiv
                0x10003760      0x430 CMakeFiles/picoprobe.dir/D_/GitHub/pico-sdk/src/rp2_common/pico_divider/divider.S.obj
                0x10003760                div_s64s64
                0x10003760                divmod_s64s64
                0x10003760                __wrap___aeabi_ldivmod
                0x10003798                divmod_u64u64
                0x10003798                div_u64u64
                0x10003798                __wrap___aeabi_uldivmod
                0x100037a8                divmod_u64u64_savestate
                0x100037d0                divmod_s64s64_unsafe
                0x10003858                divmod_u64u64_unsafe
 .text.__wrap___aeabi_darithmetic
                0x10003b90       0x80 CMakeFiles/picoprobe.dir/D_/GitHub/pico-sdk/src/rp2_common/pico_double/double_aeabi.S.obj
                0x10003b90                __wrap___aeabi_drsub
                0x10003b96                __wrap___aeabi_dsub
                0x10003ba8                __wrap___aeabi_dadd
                0x10003bba                __wrap___aeabi_ddiv
                0x10003bf6                __wrap___aeabi_dmul
 .text.__wrap___aeabi_cdcmple
                0x10003c10       0x6c CMakeFiles/picoprobe.dir/D_/GitHub/pico-sdk/src/rp2_common/pico_double/double_aeabi.S.obj
                0x10003c10                __wrap___aeabi_cdrcmple
                0x10003c20                __wrap___aeabi_cdcmpeq
                0x10003c20                __wrap___aeabi_cdcmple
 .text.__wrap___aeabi_dcmplt
                0x10003c7c        0xc CMakeFiles/picoprobe.dir/D_/GitHub/pico-sdk/src/rp2_common/pico_double/double_aeabi.S.obj
                0x10003c7c                __wrap___aeabi_dcmplt
 .text.__wrap___aeabi_dcmple
                0x10003c88       0x10 CMakeFiles/picoprobe.dir/D_/GitHub/pico-sdk/src/rp2_common/pico_double/double_aeabi.S.obj
                0x10003c88                __wrap___aeabi_dcmple
 .text.__wrap___aeabi_dcmpge
                0x10003c98       0x10 CMakeFiles/picoprobe.dir/D_/GitHub/pico-sdk/src/rp2_common/pico_double/double_aeabi.S.obj
                0x10003c98                __wrap___aeabi_dcmpge
 .text.__wrap___aeabi_dcmpgt
                0x10003ca8        0xa CMakeFiles/picoprobe.dir/D_/GitHub/pico-sdk/src/rp2_common/pico_double/double_aeabi.S.obj
                0x10003ca8                __wrap___aeabi_dcmpgt
 .text.__wrap___aeabi_dcmpun
                0x10003cb2       0x1c CMakeFiles/picoprobe.dir/D_/GitHub/pico-sdk/src/rp2_common/pico_double/double_aeabi.S.obj
                0x10003cb2                __wrap___aeabi_dcmpun
 *fill*         0x10003cce        0x2 
 .text.__wrap___aeabi_i2d
                0x10003cd0       0x38 CMakeFiles/picoprobe.dir/D_/GitHub/pico-sdk/src/rp2_common/pico_double/double_aeabi.S.obj
                0x10003cd0                __wrap___aeabi_ui2d
                0x10003cd8                __wrap___aeabi_i2d
 .text.__wrap___aeabi_d2iz
                0x10003d08       0x48 CMakeFiles/picoprobe.dir/D_/GitHub/pico-sdk/src/rp2_common/pico_double/double_aeabi.S.obj
                0x10003d08                double2int_z
                0x10003d08                __wrap___aeabi_d2iz
 .text.__wrap___aeabi_d2uiz
                0x10003d50       0x18 CMakeFiles/picoprobe.dir/D_/GitHub/pico-sdk/src/rp2_common/pico_double/double_aeabi.S.obj
                0x10003d50                __wrap___aeabi_d2uiz
                0x10003d50                double2uint
 .text.__aeabi_double_init
                0x10003d68       0xb4 CMakeFiles/picoprobe.dir/D_/GitHub/pico-sdk/src/rp2_common/pico_double/double_init_rom.c.obj
                0x10003d68                __aeabi_double_init
 .text.double_table_shim_on_use_helper
                0x10003e1c       0x34 CMakeFiles/picoprobe.dir/D_/GitHub/pico-sdk/src/rp2_common/pico_double/double_v1_rom_shim.S.obj
                0x10003e1c                double_table_shim_on_use_helper
 .text.__wrap___aeabi_dsub
                0x10003e50       0x10 CMakeFiles/picoprobe.dir/D_/GitHub/pico-sdk/src/rp2_common/pico_double/double_v1_rom_shim.S.obj
                0x10003e50                drsub_shim
                0x10003e56                dsub_shim
 .text.dadd_shim
                0x10003e60      0x15c CMakeFiles/picoprobe.dir/D_/GitHub/pico-sdk/src/rp2_common/pico_double/double_v1_rom_shim.S.obj
                0x10003e60                dadd_shim
 .text.dmul_shim
                0x10003fbc      0x15c CMakeFiles/picoprobe.dir/D_/GitHub/pico-sdk/src/rp2_common/pico_double/double_v1_rom_shim.S.obj
                0x10003fbc                dmul_shim
 .text.ddiv_shim
                0x10004118      0x1b0 CMakeFiles/picoprobe.dir/D_/GitHub/pico-sdk/src/rp2_common/pico_double/double_v1_rom_shim.S.obj
                0x10004118                ddiv_shim
 .text.dcordic_rot_step
                0x100042c8       0x7c CMakeFiles/picoprobe.dir/D_/GitHub/pico-sdk/src/rp2_common/pico_double/double_v1_rom_shim.S.obj
                0x100042c8                dcordic_rot_step
 .text.double2uint_shim
                0x10004344        0xe CMakeFiles/picoprobe.dir/D_/GitHub/pico-sdk/src/rp2_common/pico_double/double_v1_rom_shim.S.obj
                0x10004344                double2uint_shim
                0x10004346                double2ufix_shim
 *fill*         0x10004352        0x2 
 .text.double2uint64_shim
                0x10004354       0x6c CMakeFiles/picoprobe.dir/D_/GitHub/pico-sdk/src/rp2_common/pico_double/double_v1_rom_shim.S.obj
                0x10004354                double2uint64_shim
                0x10004356                double2ufix64_shim
                0x10004370                d2fix_a
 .text.dunpacks
                0x100043c0       0x3c CMakeFiles/picoprobe.dir/D_/GitHub/pico-sdk/src/rp2_common/pico_double/double_v1_rom_shim.S.obj
                0x100043c0                dunpacks
 .text.__aeabi_lmul
                0x100043fc       0x32 CMakeFiles/picoprobe.dir/D_/GitHub/pico-sdk/src/rp2_common/pico_int64_ops/pico_int64_ops_aeabi.S.obj
                0x100043fc                __wrap___aeabi_lmul
 *fill*         0x1000442e        0x2 
 .text.__aeabi_float_init
                0x10004430       0xfc CMakeFiles/picoprobe.dir/D_/GitHub/pico-sdk/src/rp2_common/pico_float/float_init_rom.c.obj
                0x10004430                __aeabi_float_init
 .text.float_table_shim_on_use_helper
                0x1000452c       0x34 CMakeFiles/picoprobe.dir/D_/GitHub/pico-sdk/src/rp2_common/pico_float/float_v1_rom_shim.S.obj
                0x1000452c                float_table_shim_on_use_helper
 .text          0x10004560       0x10 CMakeFiles/picoprobe.dir/D_/GitHub/pico-sdk/src/rp2_common/pico_mem_ops/mem_ops_aeabi.S.obj
                0x10004560                __aeabi_mem_init
 .text.memset   0x10004570        0xc CMakeFiles/picoprobe.dir/D_/GitHub/pico-sdk/src/rp2_common/pico_mem_ops/mem_ops_aeabi.S.obj
                0x10004570                __wrap_memset
 .text.memcpy   0x1000457c        0xc CMakeFiles/picoprobe.dir/D_/GitHub/pico-sdk/src/rp2_common/pico_mem_ops/mem_ops_aeabi.S.obj
                0x1000457c                __wrap_memcpy
                0x1000457c                __wrap___aeabi_memcpy
 .text.stdio_out_chars_crlf
                0x10004588       0x80 CMakeFiles/picoprobe.dir/D_/GitHub/pico-sdk/src/rp2_common/pico_stdio/stdio.c.obj
 .text.stdio_stack_buffer_flush
                0x10004608       0x44 CMakeFiles/picoprobe.dir/D_/GitHub/pico-sdk/src/rp2_common/pico_stdio/stdio.c.obj
 .text.stdio_buffered_printer
                0x1000464c       0x20 CMakeFiles/picoprobe.dir/D_/GitHub/pico-sdk/src/rp2_common/pico_stdio/stdio.c.obj
 .text.stdout_serialize_begin
                0x1000466c       0x30 CMakeFiles/picoprobe.dir/D_/GitHub/pico-sdk/src/rp2_common/pico_stdio/stdio.c.obj
                0x1000466c                stdout_serialize_begin
 .text.stdout_serialize_end
                0x1000469c       0x10 CMakeFiles/picoprobe.dir/D_/GitHub/pico-sdk/src/rp2_common/pico_stdio/stdio.c.obj
                0x1000469c                stdout_serialize_end
 .text.stdio_put_string
                0x100046ac       0x84 CMakeFiles/picoprobe.dir/D_/GitHub/pico-sdk/src/rp2_common/pico_stdio/stdio.c.obj
 .text.stdio_set_driver_enabled
                0x10004730       0x38 CMakeFiles/picoprobe.dir/D_/GitHub/pico-sdk/src/rp2_common/pico_stdio/stdio.c.obj
                0x10004730                stdio_set_driver_enabled
 .text.stdio_flush
                0x10004768       0x20 CMakeFiles/picoprobe.dir/D_/GitHub/pico-sdk/src/rp2_common/pico_stdio/stdio.c.obj
                0x10004768                stdio_flush
 .text.__wrap_puts
                0x10004788       0x1c CMakeFiles/picoprobe.dir/D_/GitHub/pico-sdk/src/rp2_common/pico_stdio/stdio.c.obj
                0x10004788                __wrap_puts
 .text.__wrap_vprintf
                0x100047a4       0x44 CMakeFiles/picoprobe.dir/D_/GitHub/pico-sdk/src/rp2_common/pico_stdio/stdio.c.obj
                0x100047a4                __wrap_vprintf
 .text.__wrap_printf
                0x100047e8       0x18 CMakeFiles/picoprobe.dir/D_/GitHub/pico-sdk/src/rp2_common/pico_stdio/stdio.c.obj
                0x100047e8                __wrap_printf
 .text.stdio_uart_out_chars
                0x10004800       0x74 CMakeFiles/picoprobe.dir/D_/GitHub/pico-sdk/src/rp2_common/pico_stdio_uart/stdio_uart.c.obj
 .text.stdio_uart_in_chars
                0x10004874       0x54 CMakeFiles/picoprobe.dir/D_/GitHub/pico-sdk/src/rp2_common/pico_stdio_uart/stdio_uart.c.obj
                0x10004874                stdio_uart_in_chars
 .text.stdio_uart_init_full
                0x100048c8       0x3c CMakeFiles/picoprobe.dir/D_/GitHub/pico-sdk/src/rp2_common/pico_stdio_uart/stdio_uart.c.obj
                0x100048c8                stdio_uart_init_full
 .text._retrieve_unique_id_on_boot
                0x10004904       0x10 CMakeFiles/picoprobe.dir/D_/GitHub/pico-sdk/src/rp2_common/pico_unique_id/unique_id.c.obj
 .text.pico_get_unique_board_id
                0x10004914       0x10 CMakeFiles/picoprobe.dir/D_/GitHub/pico-sdk/src/rp2_common/pico_unique_id/unique_id.c.obj
                0x10004914                pico_get_unique_board_id
 .text.flash_get_unique_id
                0x10004924       0x46 CMakeFiles/picoprobe.dir/D_/GitHub/pico-sdk/src/rp2_common/hardware_flash/flash.c.obj
                0x10004924                flash_get_unique_id
 *fill*         0x1000496a        0x2 
 .text.hw_endpoint_get_by_addr
                0x1000496c       0x18 CMakeFiles/picoprobe.dir/D_/GitHub/pico-sdk/lib/tinyusb/src/portable/raspberrypi/rp2040/dcd_rp2040.c.obj
 .text.reset_ep0
                0x10004984       0x2c CMakeFiles/picoprobe.dir/D_/GitHub/pico-sdk/lib/tinyusb/src/portable/raspberrypi/rp2040/dcd_rp2040.c.obj
 .text._hw_endpoint_alloc
                0x100049b0       0x80 CMakeFiles/picoprobe.dir/D_/GitHub/pico-sdk/lib/tinyusb/src/portable/raspberrypi/rp2040/dcd_rp2040.c.obj
 .text._hw_endpoint_init
                0x10004a30       0xbc CMakeFiles/picoprobe.dir/D_/GitHub/pico-sdk/lib/tinyusb/src/portable/raspberrypi/rp2040/dcd_rp2040.c.obj
 .text.hw_endpoint_init
                0x10004aec       0x18 CMakeFiles/picoprobe.dir/D_/GitHub/pico-sdk/lib/tinyusb/src/portable/raspberrypi/rp2040/dcd_rp2040.c.obj
 .text.hw_handle_buff_status
                0x10004b04       0xb4 CMakeFiles/picoprobe.dir/D_/GitHub/pico-sdk/lib/tinyusb/src/portable/raspberrypi/rp2040/dcd_rp2040.c.obj
 .text.dcd_rp2040_irq
                0x10004bb8       0xa8 CMakeFiles/picoprobe.dir/D_/GitHub/pico-sdk/lib/tinyusb/src/portable/raspberrypi/rp2040/dcd_rp2040.c.obj
 .text.hw_endpoint_xfer
                0x10004c60       0x18 CMakeFiles/picoprobe.dir/D_/GitHub/pico-sdk/lib/tinyusb/src/portable/raspberrypi/rp2040/dcd_rp2040.c.obj
 .text.ep0_0len_status
                0x10004c78       0x14 CMakeFiles/picoprobe.dir/D_/GitHub/pico-sdk/lib/tinyusb/src/portable/raspberrypi/rp2040/dcd_rp2040.c.obj
 .text._hw_endpoint_stall
                0x10004c8c       0x54 CMakeFiles/picoprobe.dir/D_/GitHub/pico-sdk/lib/tinyusb/src/portable/raspberrypi/rp2040/dcd_rp2040.c.obj
 .text.hw_endpoint_stall
                0x10004ce0        0xc CMakeFiles/picoprobe.dir/D_/GitHub/pico-sdk/lib/tinyusb/src/portable/raspberrypi/rp2040/dcd_rp2040.c.obj
 .text._hw_endpoint_clear_stall
                0x10004cec       0x34 CMakeFiles/picoprobe.dir/D_/GitHub/pico-sdk/lib/tinyusb/src/portable/raspberrypi/rp2040/dcd_rp2040.c.obj
 .text.hw_endpoint_clear_stall
                0x10004d20        0xc CMakeFiles/picoprobe.dir/D_/GitHub/pico-sdk/lib/tinyusb/src/portable/raspberrypi/rp2040/dcd_rp2040.c.obj
 .text.dcd_int_enable
                0x10004d2c       0x2c CMakeFiles/picoprobe.dir/D_/GitHub/pico-sdk/lib/tinyusb/src/portable/raspberrypi/rp2040/dcd_rp2040.c.obj
                0x10004d2c                dcd_int_enable
 .text.dcd_set_address
                0x10004d58       0x28 CMakeFiles/picoprobe.dir/D_/GitHub/pico-sdk/lib/tinyusb/src/portable/raspberrypi/rp2040/dcd_rp2040.c.obj
                0x10004d58                dcd_set_address
 .text.dcd_connect
                0x10004d80       0x30 CMakeFiles/picoprobe.dir/D_/GitHub/pico-sdk/lib/tinyusb/src/portable/raspberrypi/rp2040/dcd_rp2040.c.obj
                0x10004d80                dcd_connect
 .text.dcd_init
                0x10004db0       0x84 CMakeFiles/picoprobe.dir/D_/GitHub/pico-sdk/lib/tinyusb/src/portable/raspberrypi/rp2040/dcd_rp2040.c.obj
                0x10004db0                dcd_init
 .text.dcd_edpt0_status_complete
                0x10004e34       0x40 CMakeFiles/picoprobe.dir/D_/GitHub/pico-sdk/lib/tinyusb/src/portable/raspberrypi/rp2040/dcd_rp2040.c.obj
                0x10004e34                dcd_edpt0_status_complete
 .text.dcd_edpt_open
                0x10004e74       0x40 CMakeFiles/picoprobe.dir/D_/GitHub/pico-sdk/lib/tinyusb/src/portable/raspberrypi/rp2040/dcd_rp2040.c.obj
                0x10004e74                dcd_edpt_open
 .text.dcd_edpt_xfer
                0x10004eb4       0x34 CMakeFiles/picoprobe.dir/D_/GitHub/pico-sdk/lib/tinyusb/src/portable/raspberrypi/rp2040/dcd_rp2040.c.obj
                0x10004eb4                dcd_edpt_xfer
 .text.dcd_edpt_stall
                0x10004ee8       0x28 CMakeFiles/picoprobe.dir/D_/GitHub/pico-sdk/lib/tinyusb/src/portable/raspberrypi/rp2040/dcd_rp2040.c.obj
                0x10004ee8                dcd_edpt_stall
 .text.dcd_edpt_clear_stall
                0x10004f10       0x2c CMakeFiles/picoprobe.dir/D_/GitHub/pico-sdk/lib/tinyusb/src/portable/raspberrypi/rp2040/dcd_rp2040.c.obj
                0x10004f10                dcd_edpt_clear_stall
 .text.rp2040_usb_init
                0x10004f3c       0x50 CMakeFiles/picoprobe.dir/D_/GitHub/pico-sdk/lib/tinyusb/src/portable/raspberrypi/rp2040/rp2040_usb.c.obj
                0x10004f3c                rp2040_usb_init
 .text.hw_endpoint_reset_transfer
                0x10004f8c       0x10 CMakeFiles/picoprobe.dir/D_/GitHub/pico-sdk/lib/tinyusb/src/portable/raspberrypi/rp2040/rp2040_usb.c.obj
                0x10004f8c                hw_endpoint_reset_transfer
 .text._hw_endpoint_buffer_control_update32
                0x10004f9c       0x58 CMakeFiles/picoprobe.dir/D_/GitHub/pico-sdk/lib/tinyusb/src/portable/raspberrypi/rp2040/rp2040_usb.c.obj
                0x10004f9c                _hw_endpoint_buffer_control_update32
 .text._hw_endpoint_start_next_buffer
                0x10004ff4       0x50 CMakeFiles/picoprobe.dir/D_/GitHub/pico-sdk/lib/tinyusb/src/portable/raspberrypi/rp2040/rp2040_usb.c.obj
                0x10004ff4                _hw_endpoint_start_next_buffer
 .text._hw_endpoint_xfer_start
                0x10005044       0x3e CMakeFiles/picoprobe.dir/D_/GitHub/pico-sdk/lib/tinyusb/src/portable/raspberrypi/rp2040/rp2040_usb.c.obj
                0x10005044                _hw_endpoint_xfer_start
 *fill*         0x10005082        0x2 
 .text._hw_endpoint_xfer_sync
                0x10005084       0x74 CMakeFiles/picoprobe.dir/D_/GitHub/pico-sdk/lib/tinyusb/src/portable/raspberrypi/rp2040/rp2040_usb.c.obj
                0x10005084                _hw_endpoint_xfer_sync
 .text._hw_endpoint_xfer_continue
                0x100050f8       0x60 CMakeFiles/picoprobe.dir/D_/GitHub/pico-sdk/lib/tinyusb/src/portable/raspberrypi/rp2040/rp2040_usb.c.obj
                0x100050f8                _hw_endpoint_xfer_continue
 .text._hw_endpoint_xfer
                0x10005158       0x34 CMakeFiles/picoprobe.dir/D_/GitHub/pico-sdk/lib/tinyusb/src/portable/raspberrypi/rp2040/rp2040_usb.c.obj
                0x10005158                _hw_endpoint_xfer
 .text.mark_interface_endpoint
                0x1000518c       0x2a CMakeFiles/picoprobe.dir/D_/GitHub/pico-sdk/lib/tinyusb/src/device/usbd.c.obj
 *fill*         0x100051b6        0x2 
 .text.usbd_reset
                0x100051b8       0x8c CMakeFiles/picoprobe.dir/D_/GitHub/pico-sdk/lib/tinyusb/src/device/usbd.c.obj
 .text.invoke_class_control
                0x10005244       0x1a CMakeFiles/picoprobe.dir/D_/GitHub/pico-sdk/lib/tinyusb/src/device/usbd.c.obj
 *fill*         0x1000525e        0x2 
 .text.process_set_config
                0x10005260      0x1dc CMakeFiles/picoprobe.dir/D_/GitHub/pico-sdk/lib/tinyusb/src/device/usbd.c.obj
 .text.process_get_descriptor
                0x1000543c       0xf8 CMakeFiles/picoprobe.dir/D_/GitHub/pico-sdk/lib/tinyusb/src/device/usbd.c.obj
 .text.tud_mounted
                0x10005534       0x10 CMakeFiles/picoprobe.dir/D_/GitHub/pico-sdk/lib/tinyusb/src/device/usbd.c.obj
                0x10005534                tud_mounted
 .text.tud_suspended
                0x10005544       0x10 CMakeFiles/picoprobe.dir/D_/GitHub/pico-sdk/lib/tinyusb/src/device/usbd.c.obj
                0x10005544                tud_suspended
 .text.tud_inited
                0x10005554        0xc CMakeFiles/picoprobe.dir/D_/GitHub/pico-sdk/lib/tinyusb/src/device/usbd.c.obj
                0x10005554                tud_inited
 .text.tud_init
                0x10005560       0xd0 CMakeFiles/picoprobe.dir/D_/GitHub/pico-sdk/lib/tinyusb/src/device/usbd.c.obj
                0x10005560                tud_init
 .text.dcd_event_handler
                0x10005630      0x174 CMakeFiles/picoprobe.dir/D_/GitHub/pico-sdk/lib/tinyusb/src/device/usbd.c.obj
                0x10005630                dcd_event_handler
 .text.dcd_event_bus_signal
                0x100057a4       0x26 CMakeFiles/picoprobe.dir/D_/GitHub/pico-sdk/lib/tinyusb/src/device/usbd.c.obj
                0x100057a4                dcd_event_bus_signal
 .text.dcd_event_bus_reset
                0x100057ca       0x2a CMakeFiles/picoprobe.dir/D_/GitHub/pico-sdk/lib/tinyusb/src/device/usbd.c.obj
                0x100057ca                dcd_event_bus_reset
 .text.dcd_event_setup_received
                0x100057f4       0x34 CMakeFiles/picoprobe.dir/D_/GitHub/pico-sdk/lib/tinyusb/src/device/usbd.c.obj
                0x100057f4                dcd_event_setup_received
 .text.dcd_event_xfer_complete
                0x10005828       0x44 CMakeFiles/picoprobe.dir/D_/GitHub/pico-sdk/lib/tinyusb/src/device/usbd.c.obj
                0x10005828                dcd_event_xfer_complete
 .text.usbd_edpt_open
                0x1000586c       0xe0 CMakeFiles/picoprobe.dir/D_/GitHub/pico-sdk/lib/tinyusb/src/device/usbd.c.obj
                0x1000586c                usbd_edpt_open
 .text.usbd_open_edpt_pair
                0x1000594c       0x8c CMakeFiles/picoprobe.dir/D_/GitHub/pico-sdk/lib/tinyusb/src/device/usbd.c.obj
                0x1000594c                usbd_open_edpt_pair
 .text.usbd_edpt_claim
                0x100059d8       0x8c CMakeFiles/picoprobe.dir/D_/GitHub/pico-sdk/lib/tinyusb/src/device/usbd.c.obj
                0x100059d8                usbd_edpt_claim
 .text.usbd_edpt_release
                0x10005a64       0x68 CMakeFiles/picoprobe.dir/D_/GitHub/pico-sdk/lib/tinyusb/src/device/usbd.c.obj
                0x10005a64                usbd_edpt_release
 .text.usbd_edpt_xfer
                0x10005acc       0x80 CMakeFiles/picoprobe.dir/D_/GitHub/pico-sdk/lib/tinyusb/src/device/usbd.c.obj
                0x10005acc                usbd_edpt_xfer
 .text.usbd_edpt_busy
                0x10005b4c       0x1c CMakeFiles/picoprobe.dir/D_/GitHub/pico-sdk/lib/tinyusb/src/device/usbd.c.obj
                0x10005b4c                usbd_edpt_busy
 .text.usbd_edpt_stall
                0x10005b68       0x2c CMakeFiles/picoprobe.dir/D_/GitHub/pico-sdk/lib/tinyusb/src/device/usbd.c.obj
                0x10005b68                usbd_edpt_stall
 .text.usbd_edpt_clear_stall
                0x10005b94       0x2c CMakeFiles/picoprobe.dir/D_/GitHub/pico-sdk/lib/tinyusb/src/device/usbd.c.obj
                0x10005b94                usbd_edpt_clear_stall
 .text.usbd_edpt_stalled
                0x10005bc0       0x1c CMakeFiles/picoprobe.dir/D_/GitHub/pico-sdk/lib/tinyusb/src/device/usbd.c.obj
                0x10005bc0                usbd_edpt_stalled
 .text.process_control_request
                0x10005bdc      0x37c CMakeFiles/picoprobe.dir/D_/GitHub/pico-sdk/lib/tinyusb/src/device/usbd.c.obj
 .text.tud_task
                0x10005f58      0x208 CMakeFiles/picoprobe.dir/D_/GitHub/pico-sdk/lib/tinyusb/src/device/usbd.c.obj
                0x10005f58                tud_task
 .text._data_stage_xact
                0x10006160       0x58 CMakeFiles/picoprobe.dir/D_/GitHub/pico-sdk/lib/tinyusb/src/device/usbd_control.c.obj
 .text.tud_control_status
                0x100061b8       0x38 CMakeFiles/picoprobe.dir/D_/GitHub/pico-sdk/lib/tinyusb/src/device/usbd_control.c.obj
                0x100061b8                tud_control_status
 .text.tud_control_xfer
                0x100061f0       0xa8 CMakeFiles/picoprobe.dir/D_/GitHub/pico-sdk/lib/tinyusb/src/device/usbd_control.c.obj
                0x100061f0                tud_control_xfer
 .text.usbd_control_reset
                0x10006298       0x14 CMakeFiles/picoprobe.dir/D_/GitHub/pico-sdk/lib/tinyusb/src/device/usbd_control.c.obj
                0x10006298                usbd_control_reset
 .text.usbd_control_set_complete_callback
                0x100062ac        0xc CMakeFiles/picoprobe.dir/D_/GitHub/pico-sdk/lib/tinyusb/src/device/usbd_control.c.obj
                0x100062ac                usbd_control_set_complete_callback
 .text.usbd_control_set_request
                0x100062b8       0x1c CMakeFiles/picoprobe.dir/D_/GitHub/pico-sdk/lib/tinyusb/src/device/usbd_control.c.obj
                0x100062b8                usbd_control_set_request
 .text.usbd_control_xfer_cb
                0x100062d4       0xfc CMakeFiles/picoprobe.dir/D_/GitHub/pico-sdk/lib/tinyusb/src/device/usbd_control.c.obj
                0x100062d4                usbd_control_xfer_cb
 .text._prep_out_transaction
                0x100063d0       0x44 CMakeFiles/picoprobe.dir/D_/GitHub/pico-sdk/lib/tinyusb/src/class/cdc/cdc_device.c.obj
 .text.tud_cdc_n_connected
                0x10006414       0x44 CMakeFiles/picoprobe.dir/D_/GitHub/pico-sdk/lib/tinyusb/src/class/cdc/cdc_device.c.obj
                0x10006414                tud_cdc_n_connected
 .text.tud_cdc_n_available
                0x10006458       0x18 CMakeFiles/picoprobe.dir/D_/GitHub/pico-sdk/lib/tinyusb/src/class/cdc/cdc_device.c.obj
                0x10006458                tud_cdc_n_available
 .text.tud_cdc_n_read
                0x10006470       0x28 CMakeFiles/picoprobe.dir/D_/GitHub/pico-sdk/lib/tinyusb/src/class/cdc/cdc_device.c.obj
                0x10006470                tud_cdc_n_read
 .text.tud_cdc_n_write_flush
                0x10006498       0xc8 CMakeFiles/picoprobe.dir/D_/GitHub/pico-sdk/lib/tinyusb/src/class/cdc/cdc_device.c.obj
                0x10006498                tud_cdc_n_write_flush
 .text.tud_cdc_n_write
                0x10006560       0x38 CMakeFiles/picoprobe.dir/D_/GitHub/pico-sdk/lib/tinyusb/src/class/cdc/cdc_device.c.obj
                0x10006560                tud_cdc_n_write
 .text.cdcd_init
                0x10006598       0xac CMakeFiles/picoprobe.dir/D_/GitHub/pico-sdk/lib/tinyusb/src/class/cdc/cdc_device.c.obj
                0x10006598                cdcd_init
 .text.cdcd_reset
                0x10006644       0x44 CMakeFiles/picoprobe.dir/D_/GitHub/pico-sdk/lib/tinyusb/src/class/cdc/cdc_device.c.obj
                0x10006644                cdcd_reset
 .text.cdcd_open
                0x10006688      0x10c CMakeFiles/picoprobe.dir/D_/GitHub/pico-sdk/lib/tinyusb/src/class/cdc/cdc_device.c.obj
                0x10006688                cdcd_open
 .text.cdcd_control_xfer_cb
                0x10006794      0x130 CMakeFiles/picoprobe.dir/D_/GitHub/pico-sdk/lib/tinyusb/src/class/cdc/cdc_device.c.obj
                0x10006794                cdcd_control_xfer_cb
 .text.cdcd_xfer_cb
                0x100068c4      0x13c CMakeFiles/picoprobe.dir/D_/GitHub/pico-sdk/lib/tinyusb/src/class/cdc/cdc_device.c.obj
                0x100068c4                cdcd_xfer_cb
 .text._prep_out_transaction
                0x10006a00       0x30 CMakeFiles/picoprobe.dir/D_/GitHub/pico-sdk/lib/tinyusb/src/class/vendor/vendor_device.c.obj
 .text.maybe_transmit
                0x10006a30       0x54 CMakeFiles/picoprobe.dir/D_/GitHub/pico-sdk/lib/tinyusb/src/class/vendor/vendor_device.c.obj
 .text.tud_vendor_n_available
                0x10006a84       0x1c CMakeFiles/picoprobe.dir/D_/GitHub/pico-sdk/lib/tinyusb/src/class/vendor/vendor_device.c.obj
                0x10006a84                tud_vendor_n_available
 .text.tud_vendor_n_read
                0x10006aa0       0x28 CMakeFiles/picoprobe.dir/D_/GitHub/pico-sdk/lib/tinyusb/src/class/vendor/vendor_device.c.obj
                0x10006aa0                tud_vendor_n_read
 .text.tud_vendor_n_write
                0x10006ac8       0x28 CMakeFiles/picoprobe.dir/D_/GitHub/pico-sdk/lib/tinyusb/src/class/vendor/vendor_device.c.obj
                0x10006ac8                tud_vendor_n_write
 .text.vendord_init
                0x10006af0       0xac CMakeFiles/picoprobe.dir/D_/GitHub/pico-sdk/lib/tinyusb/src/class/vendor/vendor_device.c.obj
                0x10006af0                vendord_init
 .text.vendord_reset
                0x10006b9c       0x3c CMakeFiles/picoprobe.dir/D_/GitHub/pico-sdk/lib/tinyusb/src/class/vendor/vendor_device.c.obj
                0x10006b9c                vendord_reset
 .text.vendord_open
                0x10006bd8       0xc8 CMakeFiles/picoprobe.dir/D_/GitHub/pico-sdk/lib/tinyusb/src/class/vendor/vendor_device.c.obj
                0x10006bd8                vendord_open
 .text.vendord_xfer_cb
                0x10006ca0       0x70 CMakeFiles/picoprobe.dir/D_/GitHub/pico-sdk/lib/tinyusb/src/class/vendor/vendor_device.c.obj
                0x10006ca0                vendord_xfer_cb
 .text.tusb_init
                0x10006d10       0x24 CMakeFiles/picoprobe.dir/D_/GitHub/pico-sdk/lib/tinyusb/src/tusb.c.obj
                0x10006d10                tusb_init
 .text.tusb_inited
                0x10006d34        0xe CMakeFiles/picoprobe.dir/D_/GitHub/pico-sdk/lib/tinyusb/src/tusb.c.obj
                0x10006d34                tusb_inited
 .text.advance_pointer
                0x10006d42       0x1e CMakeFiles/picoprobe.dir/D_/GitHub/pico-sdk/lib/tinyusb/src/common/tusb_fifo.c.obj
 .text.backward_pointer
                0x10006d60       0x1a CMakeFiles/picoprobe.dir/D_/GitHub/pico-sdk/lib/tinyusb/src/common/tusb_fifo.c.obj
 .text.get_relative_pointer
                0x10006d7a       0x10 CMakeFiles/picoprobe.dir/D_/GitHub/pico-sdk/lib/tinyusb/src/common/tusb_fifo.c.obj
 .text._tu_fifo_peek
                0x10006d8a       0x50 CMakeFiles/picoprobe.dir/D_/GitHub/pico-sdk/lib/tinyusb/src/common/tusb_fifo.c.obj
 .text._ff_pull_const_addr
                0x10006dda       0x4c CMakeFiles/picoprobe.dir/D_/GitHub/pico-sdk/lib/tinyusb/src/common/tusb_fifo.c.obj
 .text._ff_pull_n
                0x10006e26      0x10c CMakeFiles/picoprobe.dir/D_/GitHub/pico-sdk/lib/tinyusb/src/common/tusb_fifo.c.obj
 .text._tu_fifo_peek_n
                0x10006f32       0x5e CMakeFiles/picoprobe.dir/D_/GitHub/pico-sdk/lib/tinyusb/src/common/tusb_fifo.c.obj
 .text._tu_fifo_read_n
                0x10006f90       0x4e CMakeFiles/picoprobe.dir/D_/GitHub/pico-sdk/lib/tinyusb/src/common/tusb_fifo.c.obj
 .text._ff_push_const_addr
                0x10006fde       0x40 CMakeFiles/picoprobe.dir/D_/GitHub/pico-sdk/lib/tinyusb/src/common/tusb_fifo.c.obj
 .text._ff_push_n
                0x1000701e      0x106 CMakeFiles/picoprobe.dir/D_/GitHub/pico-sdk/lib/tinyusb/src/common/tusb_fifo.c.obj
 .text._tu_fifo_write_n
                0x10007124       0x9e CMakeFiles/picoprobe.dir/D_/GitHub/pico-sdk/lib/tinyusb/src/common/tusb_fifo.c.obj
 .text.tu_fifo_config
                0x100071c2       0x72 CMakeFiles/picoprobe.dir/D_/GitHub/pico-sdk/lib/tinyusb/src/common/tusb_fifo.c.obj
                0x100071c2                tu_fifo_config
 .text.tu_fifo_count
                0x10007234       0x26 CMakeFiles/picoprobe.dir/D_/GitHub/pico-sdk/lib/tinyusb/src/common/tusb_fifo.c.obj
                0x10007234                tu_fifo_count
 .text.tu_fifo_empty
                0x1000725a        0xe CMakeFiles/picoprobe.dir/D_/GitHub/pico-sdk/lib/tinyusb/src/common/tusb_fifo.c.obj
                0x1000725a                tu_fifo_empty
 .text.tu_fifo_remaining
                0x10007268       0x20 CMakeFiles/picoprobe.dir/D_/GitHub/pico-sdk/lib/tinyusb/src/common/tusb_fifo.c.obj
                0x10007268                tu_fifo_remaining
 .text.tu_fifo_read
                0x10007288       0x42 CMakeFiles/picoprobe.dir/D_/GitHub/pico-sdk/lib/tinyusb/src/common/tusb_fifo.c.obj
                0x10007288                tu_fifo_read
 .text.tu_fifo_read_n
                0x100072ca        0xa CMakeFiles/picoprobe.dir/D_/GitHub/pico-sdk/lib/tinyusb/src/common/tusb_fifo.c.obj
                0x100072ca                tu_fifo_read_n
 .text.tu_fifo_write
                0x100072d4       0x6c CMakeFiles/picoprobe.dir/D_/GitHub/pico-sdk/lib/tinyusb/src/common/tusb_fifo.c.obj
                0x100072d4                tu_fifo_write
 .text.tu_fifo_write_n
                0x10007340        0xa CMakeFiles/picoprobe.dir/D_/GitHub/pico-sdk/lib/tinyusb/src/common/tusb_fifo.c.obj
                0x10007340                tu_fifo_write_n
 .text.tu_fifo_clear
                0x1000734a       0x4c CMakeFiles/picoprobe.dir/D_/GitHub/pico-sdk/lib/tinyusb/src/common/tusb_fifo.c.obj
                0x1000734a                tu_fifo_clear
 .text.tu_fifo_set_overwritable
                0x10007396       0x3c CMakeFiles/picoprobe.dir/D_/GitHub/pico-sdk/lib/tinyusb/src/common/tusb_fifo.c.obj
                0x10007396                tu_fifo_set_overwritable
 *fill*         0x100073d2        0x2 
 .text.board_init
                0x100073d4       0x30 CMakeFiles/picoprobe.dir/D_/GitHub/pico-sdk/lib/tinyusb/hw/bsp/rp2040/family.c.obj
                0x100073d4                board_init
 .text._pio_can_add_program_at_offset
                0x10007404       0x3c CMakeFiles/picoprobe.dir/D_/GitHub/pico-sdk/src/rp2_common/hardware_pio/pio.c.obj
 .text._pio_find_offset_for_program
                0x10007440       0x7c CMakeFiles/picoprobe.dir/D_/GitHub/pico-sdk/src/rp2_common/hardware_pio/pio.c.obj
 .text._pio_add_program_at_offset
                0x100074bc       0x78 CMakeFiles/picoprobe.dir/D_/GitHub/pico-sdk/src/rp2_common/hardware_pio/pio.c.obj
 .text.pio_add_program
                0x10007534       0x38 CMakeFiles/picoprobe.dir/D_/GitHub/pico-sdk/src/rp2_common/hardware_pio/pio.c.obj
                0x10007534                pio_add_program
 .text.pio_sm_set_consecutive_pindirs
                0x1000756c       0x70 CMakeFiles/picoprobe.dir/D_/GitHub/pico-sdk/src/rp2_common/hardware_pio/pio.c.obj
                0x1000756c                pio_sm_set_consecutive_pindirs
 .text.pio_sm_init
                0x100075dc       0xa8 CMakeFiles/picoprobe.dir/D_/GitHub/pico-sdk/src/rp2_common/hardware_pio/pio.c.obj
                0x100075dc                pio_sm_init
 .text.strlen   0x10007684       0x5c c:/progra~2/gnutoo~1/92019-~1/bin/../lib/gcc/arm-none-eabi/9.2.1/../../../../arm-none-eabi/lib/thumb/v6-m/nofp\libg.a(lib_a-strlen-stub.o)
                0x10007684                strlen
 *(.fini)
 .fini          0x100076e0        0x4 c:/progra~2/gnutoo~1/92019-~1/bin/../lib/gcc/arm-none-eabi/9.2.1/thumb/v6-m/nofp/crti.o
                0x100076e0                _fini
 *fill*         0x100076e4        0x4 
 .fini.__stub   0x100076e8       0x70 linker stubs
 *crtbegin.o(.ctors)
 *crtbegin?.o(.ctors)
 *(EXCLUDE_FILE(*crtend.o *crtend?.o) .ctors)
 *(SORT_BY_NAME(.ctors.*))
 *(.ctors)
 *crtbegin.o(.dtors)
 *crtbegin?.o(.dtors)
 *(EXCLUDE_FILE(*crtend.o *crtend?.o) .dtors)
 *(SORT_BY_NAME(.dtors.*))
 *(.dtors)
 *(.eh_frame*)
 .eh_frame      0x10007758        0x0 c:/progra~2/gnutoo~1/92019-~1/bin/../lib/gcc/arm-none-eabi/9.2.1/thumb/v6-m/nofp/crtbegin.o
                0x10007758                . = ALIGN (0x4)

.glue_7         0x10007758        0x0
 .glue_7        0x10007758        0x0 linker stubs

.glue_7t        0x10007758        0x0
 .glue_7t       0x10007758        0x0 linker stubs

.vfp11_veneer   0x10007758        0x0
 .vfp11_veneer  0x10007758        0x0 linker stubs

.v4_bx          0x10007758        0x0
 .v4_bx         0x10007758        0x0 linker stubs

.iplt           0x10007758        0x0
 .iplt          0x10007758        0x0 c:/progra~2/gnutoo~1/92019-~1/bin/../lib/gcc/arm-none-eabi/9.2.1/thumb/v6-m/nofp/crtbegin.o

.rodata         0x10007758     0x15c8
 *(EXCLUDE_FILE(*libm.a: *libc.a:*lib_a-mem*.o *libgcc.a:) .rodata*)
 .rodata.str1.4
                0x10007758       0x1a CMakeFiles/picoprobe.dir/src/usb_descriptors.c.obj
 *fill*         0x10007772        0x2 
 .rodata.__compound_literal.0
                0x10007774        0x2 CMakeFiles/picoprobe.dir/src/usb_descriptors.c.obj
 *fill*         0x10007776        0x2 
 .rodata.desc_configuration
                0x10007778       0x62 CMakeFiles/picoprobe.dir/src/usb_descriptors.c.obj
                0x10007778                desc_configuration
 *fill*         0x100077da        0x2 
 .rodata.desc_device
                0x100077dc       0x12 CMakeFiles/picoprobe.dir/src/usb_descriptors.c.obj
                0x100077dc                desc_device
 *fill*         0x100077ee        0x2 
 .rodata.probe_program
                0x100077f0        0x6 CMakeFiles/picoprobe.dir/src/probe.c.obj
 *fill*         0x100077f6        0x2 
 .rodata.probe_program_instructions
                0x100077f8       0x20 CMakeFiles/picoprobe.dir/src/probe.c.obj
 .rodata.spin_lock_claim_unused.str1.4
                0x10007818       0x1b CMakeFiles/picoprobe.dir/D_/GitHub/pico-sdk/src/rp2_common/hardware_sync/sync.c.obj
 *fill*         0x10007833        0x1 
 .rodata.repeating_timer_callback.str1.4
                0x10007834       0x43 CMakeFiles/picoprobe.dir/D_/GitHub/pico-sdk/src/common/pico_time/time.c.obj
 *fill*         0x10007877        0x1 
 .rodata.alarm_pool_dump_key.str1.4
                0x10007878       0x33 CMakeFiles/picoprobe.dir/D_/GitHub/pico-sdk/src/common/pico_time/time.c.obj
 *fill*         0x100078ab        0x1 
 .rodata.ph_add_child_node.str1.4
                0x100078ac       0x8e CMakeFiles/picoprobe.dir/D_/GitHub/pico-sdk/src/common/pico_time/time.c.obj
 *fill*         0x1000793a        0x2 
 .rodata.add_alarm_under_lock.str1.4
                0x1000793c       0x28 CMakeFiles/picoprobe.dir/D_/GitHub/pico-sdk/src/common/pico_time/time.c.obj
                                 0x2b (size before relaxing)
 .rodata.alarm_pool_alarm_callback.str1.4
                0x10007964       0xde CMakeFiles/picoprobe.dir/D_/GitHub/pico-sdk/src/common/pico_time/time.c.obj
 *fill*         0x10007a42        0x2 
 .rodata.alarm_pool_get_default.str1.4
                0x10007a44       0x21 CMakeFiles/picoprobe.dir/D_/GitHub/pico-sdk/src/common/pico_time/time.c.obj
 *fill*         0x10007a65        0x3 
 .rodata.alarm_pool_cancel_alarm.str1.4
                0x10007a68       0x27 CMakeFiles/picoprobe.dir/D_/GitHub/pico-sdk/src/common/pico_time/time.c.obj
 *fill*         0x10007a8f        0x1 
 .rodata.__func__.5710
                0x10007a90       0x15 CMakeFiles/picoprobe.dir/D_/GitHub/pico-sdk/src/common/pico_time/time.c.obj
 *fill*         0x10007aa5        0x3 
 .rodata.__func__.6011
                0x10007aa8        0xc CMakeFiles/picoprobe.dir/D_/GitHub/pico-sdk/src/common/pico_time/time.c.obj
 .rodata.__func__.6018
                0x10007ab4       0x12 CMakeFiles/picoprobe.dir/D_/GitHub/pico-sdk/src/common/pico_time/time.c.obj
 *fill*         0x10007ac6        0x2 
 .rodata.__func__.6034
                0x10007ac8        0xf CMakeFiles/picoprobe.dir/D_/GitHub/pico-sdk/src/common/pico_time/time.c.obj
 *fill*         0x10007ad7        0x1 
 .rodata.__func__.6056
                0x10007ad8        0xd CMakeFiles/picoprobe.dir/D_/GitHub/pico-sdk/src/common/pico_time/time.c.obj
 *fill*         0x10007ae5        0x3 
 .rodata.__func__.6257
                0x10007ae8        0xa CMakeFiles/picoprobe.dir/D_/GitHub/pico-sdk/src/common/pico_time/time.c.obj
 *fill*         0x10007af2        0x2 
 .rodata.__func__.6262
                0x10007af4       0x12 CMakeFiles/picoprobe.dir/D_/GitHub/pico-sdk/src/common/pico_time/time.c.obj
 *fill*         0x10007b06        0x2 
 .rodata.__func__.6277
                0x10007b08       0x17 CMakeFiles/picoprobe.dir/D_/GitHub/pico-sdk/src/common/pico_time/time.c.obj
 *fill*         0x10007b1f        0x1 
 .rodata.__func__.6288
                0x10007b20       0x15 CMakeFiles/picoprobe.dir/D_/GitHub/pico-sdk/src/common/pico_time/time.c.obj
 *fill*         0x10007b35        0x3 
 .rodata.__func__.6305
                0x10007b38       0x1a CMakeFiles/picoprobe.dir/D_/GitHub/pico-sdk/src/common/pico_time/time.c.obj
 *fill*         0x10007b52        0x2 
 .rodata.__func__.6344
                0x10007b54       0x18 CMakeFiles/picoprobe.dir/D_/GitHub/pico-sdk/src/common/pico_time/time.c.obj
 .rodata.hardware_alarm_claim.str1.4
                0x10007b6c       0x22 CMakeFiles/picoprobe.dir/D_/GitHub/pico-sdk/src/rp2_common/hardware_timer/timer.c.obj
 *fill*         0x10007b8e        0x2 
 .rodata.hardware_alarm_set_target.str1.4
                0x10007b90       0x5d CMakeFiles/picoprobe.dir/D_/GitHub/pico-sdk/src/rp2_common/hardware_timer/timer.c.obj
 *fill*         0x10007bed        0x3 
 .rodata.__func__.4550
                0x10007bf0       0x1a CMakeFiles/picoprobe.dir/D_/GitHub/pico-sdk/src/rp2_common/hardware_timer/timer.c.obj
 *fill*         0x10007c0a        0x2 
 .rodata.str1.4
                0x10007c0c       0xa9 CMakeFiles/picoprobe.dir/D_/GitHub/pico-sdk/src/common/pico_sync/mutex.c.obj
                                0x105 (size before relaxing)
 *fill*         0x10007cb5        0x3 
 .rodata.__func__.4215
                0x10007cb8       0x15 CMakeFiles/picoprobe.dir/D_/GitHub/pico-sdk/src/common/pico_sync/mutex.c.obj
 *fill*         0x10007ccd        0x3 
 .rodata.__func__.4612
                0x10007cd0       0x15 CMakeFiles/picoprobe.dir/D_/GitHub/pico-sdk/src/common/pico_sync/mutex.c.obj
 *fill*         0x10007ce5        0x3 
 .rodata.__func__.4637
                0x10007ce8       0x18 CMakeFiles/picoprobe.dir/D_/GitHub/pico-sdk/src/common/pico_sync/mutex.c.obj
 .rodata.__func__.4647
                0x10007d00        0xb CMakeFiles/picoprobe.dir/D_/GitHub/pico-sdk/src/common/pico_sync/mutex.c.obj
 .rodata.ph_add_child_node.str1.4
                0x10007d0b       0x8e CMakeFiles/picoprobe.dir/D_/GitHub/pico-sdk/src/common/pico_util/pheap.c.obj
 *fill*         0x10007d0b        0x1 
 .rodata.ph_remove_any_head.str1.4
                0x10007d0c       0x84 CMakeFiles/picoprobe.dir/D_/GitHub/pico-sdk/src/common/pico_util/pheap.c.obj
 .rodata.ph_remove_and_free_node.str1.4
                0x10007d90       0x26 CMakeFiles/picoprobe.dir/D_/GitHub/pico-sdk/src/common/pico_util/pheap.c.obj
 *fill*         0x10007db6        0x2 
 .rodata.__func__.5717
                0x10007db8        0xc CMakeFiles/picoprobe.dir/D_/GitHub/pico-sdk/src/common/pico_util/pheap.c.obj
 .rodata.__func__.5724
                0x10007dc4       0x12 CMakeFiles/picoprobe.dir/D_/GitHub/pico-sdk/src/common/pico_util/pheap.c.obj
 *fill*         0x10007dd6        0x2 
 .rodata.__func__.5810
                0x10007dd8       0x13 CMakeFiles/picoprobe.dir/D_/GitHub/pico-sdk/src/common/pico_util/pheap.c.obj
 *fill*         0x10007deb        0x1 
 .rodata.__func__.5828
                0x10007dec       0x18 CMakeFiles/picoprobe.dir/D_/GitHub/pico-sdk/src/common/pico_util/pheap.c.obj
 .rodata.__assert_func.str1.4
                0x10007e04       0x3f CMakeFiles/picoprobe.dir/D_/GitHub/pico-sdk/src/rp2_common/pico_runtime/runtime.c.obj
                                 0x43 (size before relaxing)
 *fill*         0x10007e43        0x1 
 .rodata.panic.str1.4
                0x10007e44       0x12 CMakeFiles/picoprobe.dir/D_/GitHub/pico-sdk/src/rp2_common/pico_runtime/runtime.c.obj
 *fill*         0x10007e56        0x2 
 .rodata.clock_configure.str1.4
                0x10007e58       0x4f CMakeFiles/picoprobe.dir/D_/GitHub/pico-sdk/src/rp2_common/hardware_clocks/clocks.c.obj
 *fill*         0x10007ea7        0x1 
 .rodata.__func__.4669
                0x10007ea8       0x10 CMakeFiles/picoprobe.dir/D_/GitHub/pico-sdk/src/rp2_common/hardware_clocks/clocks.c.obj
 .rodata.make_branch.str1.4
                0x10007eb8       0x45 CMakeFiles/picoprobe.dir/D_/GitHub/pico-sdk/src/rp2_common/hardware_irq/irq.c.obj
 *fill*         0x10007efd        0x3 
 .rodata.irq_set_exclusive_handler.str1.4
                0x10007f00       0x36 CMakeFiles/picoprobe.dir/D_/GitHub/pico-sdk/src/rp2_common/hardware_irq/irq.c.obj
 *fill*         0x10007f36        0x2 
 .rodata.irq_add_shared_handler.str1.4
                0x10007f38       0xd9 CMakeFiles/picoprobe.dir/D_/GitHub/pico-sdk/src/rp2_common/hardware_irq/irq.c.obj
 *fill*         0x10008011        0x3 
 .rodata.irq_remove_handler.str1.4
                0x10008014       0x2a CMakeFiles/picoprobe.dir/D_/GitHub/pico-sdk/src/rp2_common/hardware_irq/irq.c.obj
 *fill*         0x1000803e        0x2 
 .rodata.irq_add_tail_to_free_list.str1.4
                0x10008040       0x32 CMakeFiles/picoprobe.dir/D_/GitHub/pico-sdk/src/rp2_common/hardware_irq/irq.c.obj
                                 0x3a (size before relaxing)
 *fill*         0x10008072        0x2 
 .rodata.__func__.4705
                0x10008074       0x1a CMakeFiles/picoprobe.dir/D_/GitHub/pico-sdk/src/rp2_common/hardware_irq/irq.c.obj
 *fill*         0x1000808e        0x2 
 .rodata.__func__.4719
                0x10008090        0xc CMakeFiles/picoprobe.dir/D_/GitHub/pico-sdk/src/rp2_common/hardware_irq/irq.c.obj
 .rodata.__func__.4727
                0x1000809c       0x17 CMakeFiles/picoprobe.dir/D_/GitHub/pico-sdk/src/rp2_common/hardware_irq/irq.c.obj
 *fill*         0x100080b3        0x1 
 .rodata.__func__.4731
                0x100080b4        0xf CMakeFiles/picoprobe.dir/D_/GitHub/pico-sdk/src/rp2_common/hardware_irq/irq.c.obj
 *fill*         0x100080c3        0x1 
 .rodata.__func__.4770
                0x100080c4       0x13 CMakeFiles/picoprobe.dir/D_/GitHub/pico-sdk/src/rp2_common/hardware_irq/irq.c.obj
 *fill*         0x100080d7        0x1 
 .rodata.__func__.4789
                0x100080d8       0x1a CMakeFiles/picoprobe.dir/D_/GitHub/pico-sdk/src/rp2_common/hardware_irq/irq.c.obj
 *fill*         0x100080f2        0x2 
 .rodata.pll_init.str1.4
                0x100080f4       0xd3 CMakeFiles/picoprobe.dir/D_/GitHub/pico-sdk/src/rp2_common/hardware_pll/pll.c.obj
 *fill*         0x100081c7        0x1 
 .rodata.__func__.4404
                0x100081c8        0x9 CMakeFiles/picoprobe.dir/D_/GitHub/pico-sdk/src/rp2_common/hardware_pll/pll.c.obj
 *fill*         0x100081d1        0x3 
 .rodata._ftoa.str1.4
                0x100081d4       0x15 CMakeFiles/picoprobe.dir/D_/GitHub/pico-sdk/src/rp2_common/pico_printf/printf.c.obj
 *fill*         0x100081e9        0x3 
 .rodata._vsnprintf
                0x100081ec      0x1e0 CMakeFiles/picoprobe.dir/D_/GitHub/pico-sdk/src/rp2_common/pico_printf/printf.c.obj
 *fill*         0x100083cc        0x4 
 .rodata.pow10.5431
                0x100083d0       0x50 CMakeFiles/picoprobe.dir/D_/GitHub/pico-sdk/src/rp2_common/pico_printf/printf.c.obj
 .rodata.__aeabi_double_init.str1.4
                0x10008420       0xa0 CMakeFiles/picoprobe.dir/D_/GitHub/pico-sdk/src/rp2_common/pico_double/double_init_rom.c.obj
 .rodata.__func__.4690
                0x100084c0       0x14 CMakeFiles/picoprobe.dir/D_/GitHub/pico-sdk/src/rp2_common/pico_double/double_init_rom.c.obj
 .rodata.__aeabi_float_init.str1.4
                0x100084d4       0x72 CMakeFiles/picoprobe.dir/D_/GitHub/pico-sdk/src/rp2_common/pico_float/float_init_rom.c.obj
                                 0x76 (size before relaxing)
 *fill*         0x10008546        0x2 
 .rodata.__func__.4692
                0x10008548       0x13 CMakeFiles/picoprobe.dir/D_/GitHub/pico-sdk/src/rp2_common/pico_float/float_init_rom.c.obj
 *fill*         0x1000855b        0x1 
 .rodata.str1.4
                0x1000855c       0x40 CMakeFiles/picoprobe.dir/D_/GitHub/pico-sdk/src/rp2_common/pico_standard_link/binary_info.c.obj
 .rodata.__bi_44
                0x1000859c        0xc CMakeFiles/picoprobe.dir/D_/GitHub/pico-sdk/src/rp2_common/pico_standard_link/binary_info.c.obj
 .rodata.__bi_75
                0x100085a8        0xc CMakeFiles/picoprobe.dir/D_/GitHub/pico-sdk/src/rp2_common/pico_standard_link/binary_info.c.obj
 .rodata.__bi_81
                0x100085b4        0xc CMakeFiles/picoprobe.dir/D_/GitHub/pico-sdk/src/rp2_common/pico_standard_link/binary_info.c.obj
 .rodata.crlf_str.6019
                0x100085c0        0x2 CMakeFiles/picoprobe.dir/D_/GitHub/pico-sdk/src/rp2_common/pico_stdio/stdio.c.obj
 *fill*         0x100085c2        0x2 
 .rodata.str1.4
                0x100085c4      0x152 CMakeFiles/picoprobe.dir/D_/GitHub/pico-sdk/src/rp2_common/hardware_flash/flash.c.obj
 *fill*         0x10008716        0x2 
 .rodata.__func__.4430
                0x10008718        0xd CMakeFiles/picoprobe.dir/D_/GitHub/pico-sdk/src/rp2_common/hardware_flash/flash.c.obj
 *fill*         0x10008725        0x3 
 .rodata._hw_endpoint_alloc.str1.4
                0x10008728       0xad CMakeFiles/picoprobe.dir/D_/GitHub/pico-sdk/lib/tinyusb/src/portable/raspberrypi/rp2040/dcd_rp2040.c.obj
 *fill*         0x100087d5        0x3 
 .rodata._hw_endpoint_init.str1.4
                0x100087d8       0x28 CMakeFiles/picoprobe.dir/D_/GitHub/pico-sdk/lib/tinyusb/src/portable/raspberrypi/rp2040/dcd_rp2040.c.obj
 .rodata.hw_handle_buff_status.str1.4
                0x10008800        0xb CMakeFiles/picoprobe.dir/D_/GitHub/pico-sdk/lib/tinyusb/src/portable/raspberrypi/rp2040/dcd_rp2040.c.obj
 *fill*         0x1000880b        0x1 
 .rodata.dcd_rp2040_irq.str1.4
                0x1000880c       0x14 CMakeFiles/picoprobe.dir/D_/GitHub/pico-sdk/lib/tinyusb/src/portable/raspberrypi/rp2040/dcd_rp2040.c.obj
 .rodata._hw_endpoint_stall.str1.4
                0x10008820        0xd CMakeFiles/picoprobe.dir/D_/GitHub/pico-sdk/lib/tinyusb/src/portable/raspberrypi/rp2040/dcd_rp2040.c.obj
 *fill*         0x1000882d        0x3 
 .rodata.dcd_int_enable.str1.4
                0x10008830        0xc CMakeFiles/picoprobe.dir/D_/GitHub/pico-sdk/lib/tinyusb/src/portable/raspberrypi/rp2040/dcd_rp2040.c.obj
 .rodata.__func__.6849
                0x1000883c       0x13 CMakeFiles/picoprobe.dir/D_/GitHub/pico-sdk/lib/tinyusb/src/portable/raspberrypi/rp2040/dcd_rp2040.c.obj
 *fill*         0x1000884f        0x1 
 .rodata.__func__.6880
                0x10008850       0x16 CMakeFiles/picoprobe.dir/D_/GitHub/pico-sdk/lib/tinyusb/src/portable/raspberrypi/rp2040/dcd_rp2040.c.obj
 *fill*         0x10008866        0x2 
 .rodata.__func__.6901
                0x10008868       0x13 CMakeFiles/picoprobe.dir/D_/GitHub/pico-sdk/lib/tinyusb/src/portable/raspberrypi/rp2040/dcd_rp2040.c.obj
 *fill*         0x1000887b        0x1 
 .rodata.__func__.6922
                0x1000887c        0x9 CMakeFiles/picoprobe.dir/D_/GitHub/pico-sdk/lib/tinyusb/src/portable/raspberrypi/rp2040/dcd_rp2040.c.obj
 *fill*         0x10008885        0x3 
 .rodata.__func__.6926
                0x10008888        0xf CMakeFiles/picoprobe.dir/D_/GitHub/pico-sdk/lib/tinyusb/src/portable/raspberrypi/rp2040/dcd_rp2040.c.obj
 *fill*         0x10008897        0x1 
 .rodata.__func__.6935
                0x10008898       0x10 CMakeFiles/picoprobe.dir/D_/GitHub/pico-sdk/lib/tinyusb/src/portable/raspberrypi/rp2040/dcd_rp2040.c.obj
 .rodata.__func__.6947
                0x100088a8        0xc CMakeFiles/picoprobe.dir/D_/GitHub/pico-sdk/lib/tinyusb/src/portable/raspberrypi/rp2040/dcd_rp2040.c.obj
 .rodata.__func__.6952
                0x100088b4       0x1a CMakeFiles/picoprobe.dir/D_/GitHub/pico-sdk/lib/tinyusb/src/portable/raspberrypi/rp2040/dcd_rp2040.c.obj
 *fill*         0x100088ce        0x2 
 .rodata.__func__.6957
                0x100088d0        0xe CMakeFiles/picoprobe.dir/D_/GitHub/pico-sdk/lib/tinyusb/src/portable/raspberrypi/rp2040/dcd_rp2040.c.obj
 *fill*         0x100088de        0x2 
 .rodata.__func__.6964
                0x100088e0        0xe CMakeFiles/picoprobe.dir/D_/GitHub/pico-sdk/lib/tinyusb/src/portable/raspberrypi/rp2040/dcd_rp2040.c.obj
 *fill*         0x100088ee        0x2 
 .rodata.__func__.6969
                0x100088f0        0xf CMakeFiles/picoprobe.dir/D_/GitHub/pico-sdk/lib/tinyusb/src/portable/raspberrypi/rp2040/dcd_rp2040.c.obj
 *fill*         0x100088ff        0x1 
 .rodata.__func__.6974
                0x10008900       0x15 CMakeFiles/picoprobe.dir/D_/GitHub/pico-sdk/lib/tinyusb/src/portable/raspberrypi/rp2040/dcd_rp2040.c.obj
 *fill*         0x10008915        0x3 
 .rodata._hw_endpoint_buffer_control_update32.str1.4
                0x10008918       0x1f CMakeFiles/picoprobe.dir/D_/GitHub/pico-sdk/lib/tinyusb/src/portable/raspberrypi/rp2040/rp2040_usb.c.obj
 *fill*         0x10008937        0x1 
 .rodata._hw_endpoint_xfer_sync.str1.4
                0x10008938       0x89 CMakeFiles/picoprobe.dir/D_/GitHub/pico-sdk/lib/tinyusb/src/portable/raspberrypi/rp2040/rp2040_usb.c.obj
 *fill*         0x100089c1        0x3 
 .rodata._hw_endpoint_xfer_continue.str1.4
                0x100089c4       0x50 CMakeFiles/picoprobe.dir/D_/GitHub/pico-sdk/lib/tinyusb/src/portable/raspberrypi/rp2040/rp2040_usb.c.obj
 .rodata._hw_endpoint_xfer.str1.4
                0x10008a14        0xf CMakeFiles/picoprobe.dir/D_/GitHub/pico-sdk/lib/tinyusb/src/portable/raspberrypi/rp2040/rp2040_usb.c.obj
 *fill*         0x10008a23        0x1 
 .rodata.str1.4
                0x10008a24        0x7 CMakeFiles/picoprobe.dir/D_/GitHub/pico-sdk/lib/tinyusb/src/portable/raspberrypi/rp2040/rp2040_usb.c.obj
 *fill*         0x10008a2b        0x1 
 .rodata.__func__.6628
                0x10008a2c       0x17 CMakeFiles/picoprobe.dir/D_/GitHub/pico-sdk/lib/tinyusb/src/portable/raspberrypi/rp2040/rp2040_usb.c.obj
 *fill*         0x10008a43        0x1 
 .rodata.__func__.6639
                0x10008a44       0x12 CMakeFiles/picoprobe.dir/D_/GitHub/pico-sdk/lib/tinyusb/src/portable/raspberrypi/rp2040/rp2040_usb.c.obj
 *fill*         0x10008a56        0x2 
 .rodata.process_set_config.str1.4
                0x10008a58       0x17 CMakeFiles/picoprobe.dir/D_/GitHub/pico-sdk/lib/tinyusb/src/device/usbd.c.obj
 *fill*         0x10008a6f        0x1 
 .rodata.process_get_descriptor
                0x10008a70       0x40 CMakeFiles/picoprobe.dir/D_/GitHub/pico-sdk/lib/tinyusb/src/device/usbd.c.obj
 .rodata.process_control_request
                0x10008ab0       0x28 CMakeFiles/picoprobe.dir/D_/GitHub/pico-sdk/lib/tinyusb/src/device/usbd.c.obj
 .rodata.tud_task
                0x10008ad8       0x24 CMakeFiles/picoprobe.dir/D_/GitHub/pico-sdk/lib/tinyusb/src/device/usbd.c.obj
 .rodata.__func__.6502
                0x10008afc       0x10 CMakeFiles/picoprobe.dir/D_/GitHub/pico-sdk/lib/tinyusb/src/device/usbd.c.obj
 .rodata.__func__.7374
                0x10008b0c        0x9 CMakeFiles/picoprobe.dir/D_/GitHub/pico-sdk/lib/tinyusb/src/device/usbd.c.obj
 *fill*         0x10008b15        0x3 
 .rodata.__func__.7395
                0x10008b18       0x18 CMakeFiles/picoprobe.dir/D_/GitHub/pico-sdk/lib/tinyusb/src/device/usbd.c.obj
 .rodata.__func__.7433
                0x10008b30       0x13 CMakeFiles/picoprobe.dir/D_/GitHub/pico-sdk/lib/tinyusb/src/device/usbd.c.obj
 *fill*         0x10008b43        0x1 
 .rodata.__func__.7476
                0x10008b44       0x17 CMakeFiles/picoprobe.dir/D_/GitHub/pico-sdk/lib/tinyusb/src/device/usbd.c.obj
 *fill*         0x10008b5b        0x1 
 .rodata.__func__.7530
                0x10008b5c       0x14 CMakeFiles/picoprobe.dir/D_/GitHub/pico-sdk/lib/tinyusb/src/device/usbd.c.obj
 .rodata.__func__.7546
                0x10008b70        0xf CMakeFiles/picoprobe.dir/D_/GitHub/pico-sdk/lib/tinyusb/src/device/usbd.c.obj
 *fill*         0x10008b7f        0x1 
 .rodata.__func__.7574
                0x10008b80        0xf CMakeFiles/picoprobe.dir/D_/GitHub/pico-sdk/lib/tinyusb/src/device/usbd.c.obj
 *fill*         0x10008b8f        0x1 
 .rodata._usbd_driver
                0x10008b90       0x30 CMakeFiles/picoprobe.dir/D_/GitHub/pico-sdk/lib/tinyusb/src/device/usbd.c.obj
 .rodata.tud_control_xfer.str1.4
                0x10008bc0       0x17 CMakeFiles/picoprobe.dir/D_/GitHub/pico-sdk/lib/tinyusb/src/device/usbd_control.c.obj
 .rodata.__func__.7287
                0x10008bc0       0x11 CMakeFiles/picoprobe.dir/D_/GitHub/pico-sdk/lib/tinyusb/src/device/usbd_control.c.obj
 *fill*         0x10008bd1        0x3 
 .rodata.__func__.7314
                0x10008bd4       0x15 CMakeFiles/picoprobe.dir/D_/GitHub/pico-sdk/lib/tinyusb/src/device/usbd_control.c.obj
 .rodata.tud_cdc_n_write_flush.str1.4
                0x10008be9       0x17 CMakeFiles/picoprobe.dir/D_/GitHub/pico-sdk/lib/tinyusb/src/class/cdc/cdc_device.c.obj
 *fill*         0x10008be9        0x3 
 .rodata.__func__.7147
                0x10008bec       0x16 CMakeFiles/picoprobe.dir/D_/GitHub/pico-sdk/lib/tinyusb/src/class/cdc/cdc_device.c.obj
 *fill*         0x10008c02        0x2 
 .rodata.__func__.7180
                0x10008c04        0xa CMakeFiles/picoprobe.dir/D_/GitHub/pico-sdk/lib/tinyusb/src/class/cdc/cdc_device.c.obj
 *fill*         0x10008c0e        0x2 
 .rodata.__func__.7214
                0x10008c10        0xd CMakeFiles/picoprobe.dir/D_/GitHub/pico-sdk/lib/tinyusb/src/class/cdc/cdc_device.c.obj
 .rodata.maybe_transmit.str1.4
                0x10008c1d       0x17 CMakeFiles/picoprobe.dir/D_/GitHub/pico-sdk/lib/tinyusb/src/class/vendor/vendor_device.c.obj
 *fill*         0x10008c1d        0x3 
 .rodata.vendord_open.str1.4
                0x10008c20       0x11 CMakeFiles/picoprobe.dir/D_/GitHub/pico-sdk/lib/tinyusb/src/class/vendor/vendor_device.c.obj
 *fill*         0x10008c31        0x3 
 .rodata.__PRETTY_FUNCTION__.6841
                0x10008c34        0xd CMakeFiles/picoprobe.dir/D_/GitHub/pico-sdk/lib/tinyusb/src/class/vendor/vendor_device.c.obj
 *fill*         0x10008c41        0x3 
 .rodata.__func__.6802
                0x10008c44        0xf CMakeFiles/picoprobe.dir/D_/GitHub/pico-sdk/lib/tinyusb/src/class/vendor/vendor_device.c.obj
 *fill*         0x10008c53        0x1 
 .rodata.__func__.6840
                0x10008c54        0xd CMakeFiles/picoprobe.dir/D_/GitHub/pico-sdk/lib/tinyusb/src/class/vendor/vendor_device.c.obj
 .rodata.tusb_init.str1.4
                0x10008c61       0x17 CMakeFiles/picoprobe.dir/D_/GitHub/pico-sdk/lib/tinyusb/src/tusb.c.obj
 *fill*         0x10008c61        0x3 
 .rodata.__func__.7162
                0x10008c64        0xa CMakeFiles/picoprobe.dir/D_/GitHub/pico-sdk/lib/tinyusb/src/tusb.c.obj
 *fill*         0x10008c6e        0x2 
 .rodata.str1.4
                0x10008c70        0x4 CMakeFiles/picoprobe.dir/D_/GitHub/pico-sdk/lib/tinyusb/hw/bsp/rp2040/family.c.obj
 .rodata.__bi_121.7597
                0x10008c74        0xc CMakeFiles/picoprobe.dir/D_/GitHub/pico-sdk/lib/tinyusb/hw/bsp/rp2040/family.c.obj
 .rodata.__bi_131.7600
                0x10008c80        0x8 CMakeFiles/picoprobe.dir/D_/GitHub/pico-sdk/lib/tinyusb/hw/bsp/rp2040/family.c.obj
 .rodata._pio_find_offset_for_program.str1.4
                0x10008c88       0x61 CMakeFiles/picoprobe.dir/D_/GitHub/pico-sdk/src/rp2_common/hardware_pio/pio.c.obj
 *fill*         0x10008ce9        0x3 
 .rodata._pio_add_program_at_offset.str1.4
                0x10008cec       0x11 CMakeFiles/picoprobe.dir/D_/GitHub/pico-sdk/src/rp2_common/hardware_pio/pio.c.obj
 *fill*         0x10008cfd        0x3 
 .rodata.__func__.5201
                0x10008d00       0x1d CMakeFiles/picoprobe.dir/D_/GitHub/pico-sdk/src/rp2_common/hardware_pio/pio.c.obj
                0x10008d20                . = ALIGN (0x4)
 *fill*         0x10008d1d        0x3 
 *(SORT_BY_ALIGNMENT(SORT_BY_NAME(.flashdata*)))
                0x10008d20                . = ALIGN (0x4)

.rel.dyn        0x10008d20        0x0
 .rel.iplt      0x10008d20        0x0 c:/progra~2/gnutoo~1/92019-~1/bin/../lib/gcc/arm-none-eabi/9.2.1/thumb/v6-m/nofp/crtbegin.o

.ARM.extab
 *(.ARM.extab* .gnu.linkonce.armextab.*)
                0x10008d20                __exidx_start = .

.ARM.exidx
 *(.ARM.exidx* .gnu.linkonce.armexidx.*)
                0x10008d20                __exidx_end = .
                0x10008d20                . = ALIGN (0x4)
                0x10008d20                __binary_info_start = .

.binary_info    0x10008d20       0x24
 *(.binary_info.keep.*)
 .binary_info.keep.__bi_ptr22
                0x10008d20        0x4 CMakeFiles/picoprobe.dir/D_/GitHub/pico-sdk/src/rp2_common/pico_standard_link/binary_info.c.obj
 .binary_info.keep.__bi_ptr30
                0x10008d24        0x4 CMakeFiles/picoprobe.dir/D_/GitHub/pico-sdk/src/rp2_common/pico_standard_link/binary_info.c.obj
 .binary_info.keep.__bi_ptr38
                0x10008d28        0x4 CMakeFiles/picoprobe.dir/D_/GitHub/pico-sdk/src/rp2_common/pico_standard_link/binary_info.c.obj
 .binary_info.keep.__bi_ptr44
                0x10008d2c        0x4 CMakeFiles/picoprobe.dir/D_/GitHub/pico-sdk/src/rp2_common/pico_standard_link/binary_info.c.obj
 .binary_info.keep.__bi_ptr50
                0x10008d30        0x4 CMakeFiles/picoprobe.dir/D_/GitHub/pico-sdk/src/rp2_common/pico_standard_link/binary_info.c.obj
 .binary_info.keep.__bi_ptr75
                0x10008d34        0x4 CMakeFiles/picoprobe.dir/D_/GitHub/pico-sdk/src/rp2_common/pico_standard_link/binary_info.c.obj
 .binary_info.keep.__bi_ptr81
                0x10008d38        0x4 CMakeFiles/picoprobe.dir/D_/GitHub/pico-sdk/src/rp2_common/pico_standard_link/binary_info.c.obj
 .binary_info.keep.__bi_ptr121
                0x10008d3c        0x4 CMakeFiles/picoprobe.dir/D_/GitHub/pico-sdk/lib/tinyusb/hw/bsp/rp2040/family.c.obj
 .binary_info.keep.__bi_ptr131
                0x10008d40        0x4 CMakeFiles/picoprobe.dir/D_/GitHub/pico-sdk/lib/tinyusb/hw/bsp/rp2040/family.c.obj
 *(.binary_info.*)
                0x10008d44                __binary_info_end = .
                0x10008d44                . = ALIGN (0x4)
                0x10008d44                __etext = .

.ram_vector_table
                0x20000000       0xc0
 *(.ram_vector_table)
 .ram_vector_table
                0x20000000       0xc0 CMakeFiles/picoprobe.dir/D_/GitHub/pico-sdk/src/rp2_common/pico_runtime/runtime.c.obj
                0x20000000                ram_vector_table

.data           0x200000c0      0x510 load address 0x10008d44
                0x200000c0                __data_start__ = .
 *(vtable)
 *(.time_critical*)
 .time_critical.mutex_enter_blocking
                0x200000c0       0x94 CMakeFiles/picoprobe.dir/D_/GitHub/pico-sdk/src/common/pico_sync/mutex.c.obj
                0x200000c0                mutex_enter_blocking
 .time_critical.mutex_try_enter
                0x20000154       0x5a CMakeFiles/picoprobe.dir/D_/GitHub/pico-sdk/src/common/pico_sync/mutex.c.obj
                0x20000154                mutex_try_enter
 *fill*         0x200001ae        0x2 
 .time_critical.mutex_enter_block_until
                0x200001b0       0x8c CMakeFiles/picoprobe.dir/D_/GitHub/pico-sdk/src/common/pico_sync/mutex.c.obj
                0x200001b0                mutex_enter_block_until
 .time_critical.mutex_enter_timeout_ms
                0x2000023c       0x78 CMakeFiles/picoprobe.dir/D_/GitHub/pico-sdk/src/common/pico_sync/mutex.c.obj
                0x2000023c                mutex_enter_timeout_ms
 .time_critical.mutex_exit
                0x200002b4       0x94 CMakeFiles/picoprobe.dir/D_/GitHub/pico-sdk/src/common/pico_sync/mutex.c.obj
                0x200002b4                mutex_exit
 .time_critical.flash_init_boot2_copyout
                0x20000348       0x30 CMakeFiles/picoprobe.dir/D_/GitHub/pico-sdk/src/rp2_common/hardware_flash/flash.c.obj
 .time_critical.flash_enable_xip_via_boot2
                0x20000378       0x10 CMakeFiles/picoprobe.dir/D_/GitHub/pico-sdk/src/rp2_common/hardware_flash/flash.c.obj
 .time_critical.flash_cs_force
                0x20000388       0x28 CMakeFiles/picoprobe.dir/D_/GitHub/pico-sdk/src/rp2_common/hardware_flash/flash.c.obj
 .time_critical.flash_do_cmd
                0x200003b0       0xc0 CMakeFiles/picoprobe.dir/D_/GitHub/pico-sdk/src/rp2_common/hardware_flash/flash.c.obj
                0x200003b0                flash_do_cmd
 *(.text*)
 .text          0x20000470        0x4 c:/progra~2/gnutoo~1/92019-~1/bin/../lib/gcc/arm-none-eabi/9.2.1/thumb/v6-m/nofp\libgcc.a(_dvmd_tls.o)
                0x20000470                __aeabi_idiv0
                0x20000470                __aeabi_ldiv0
 *fill*         0x20000474        0x4 
 .text.__stub   0x20000478       0x50 linker stubs
                0x200004c8                . = ALIGN (0x4)
 *(.rodata*)
                0x200004c8                . = ALIGN (0x4)
 *(.data*)
 .data.string_desc_arr
                0x200004c8       0x10 CMakeFiles/picoprobe.dir/src/usb_descriptors.c.obj
                0x200004c8                string_desc_arr
 .data.striped_spin_lock_num
                0x200004d8        0x1 CMakeFiles/picoprobe.dir/D_/GitHub/pico-sdk/src/rp2_common/hardware_sync/sync.c.obj
 *fill*         0x200004d9        0x3 
 .data.default_alarm_pool
                0x200004dc       0x18 CMakeFiles/picoprobe.dir/D_/GitHub/pico-sdk/src/common/pico_time/time.c.obj
 .data.default_alarm_pool_heap
                0x200004f4       0x10 CMakeFiles/picoprobe.dir/D_/GitHub/pico-sdk/src/common/pico_time/time.c.obj
 .data          0x20000504       0x48 CMakeFiles/picoprobe.dir/D_/GitHub/pico-sdk/src/rp2_common/hardware_irq/irq_handler_chain.S.obj
                0x20000504                irq_handler_chain_slots
                0x20000534                irq_handler_chain_first_slot
                0x2000053e                irq_handler_chain_remove_tail
 *fill*         0x2000054c        0x4 
 .data.aeabi_bits_funcs
                0x20000550       0x10 CMakeFiles/picoprobe.dir/D_/GitHub/pico-sdk/src/rp2_common/pico_bit_ops/bit_ops_aeabi.S.obj
                0x20000550                aeabi_bits_funcs
                0x20000560                aeabi_bits_funcs_end
 .data.aeabi_mem_funcs
                0x20000560       0x10 CMakeFiles/picoprobe.dir/D_/GitHub/pico-sdk/src/rp2_common/pico_mem_ops/mem_ops_aeabi.S.obj
                0x20000560                aeabi_mem_funcs
                0x20000570                aeabi_mem_funcs_end
 .data.stdio_uart
                0x20000570       0x14 CMakeFiles/picoprobe.dir/D_/GitHub/pico-sdk/src/rp2_common/pico_stdio_uart/stdio_uart.c.obj
                0x20000570                stdio_uart
 .data.ep_dir_string
                0x20000584        0x8 CMakeFiles/picoprobe.dir/D_/GitHub/pico-sdk/lib/tinyusb/src/portable/raspberrypi/rp2040/rp2040_usb.c.obj
                0x20000584                ep_dir_string
 .data._usbd_qdef
                0x2000058c       0x24 CMakeFiles/picoprobe.dir/D_/GitHub/pico-sdk/lib/tinyusb/src/device/usbd.c.obj
                0x2000058c                _usbd_qdef
                0x200005b0                . = ALIGN (0x4)
 *(.after_data.*)
                0x200005b0                . = ALIGN (0x4)
                0x200005b0                PROVIDE (__mutex_array_start = .)
 *(SORT_BY_NAME(.mutex_array.*))
 *(.mutex_array)
 .mutex_array   0x200005b0        0x8 CMakeFiles/picoprobe.dir/D_/GitHub/pico-sdk/src/rp2_common/pico_stdio/stdio.c.obj
                0x200005b8                PROVIDE (__mutex_array_end = .)
                0x200005b8                . = ALIGN (0x4)
                0x200005b8                PROVIDE (__preinit_array_start = .)
 *(SORT_BY_NAME(.preinit_array.*))
 .preinit_array.00001
                0x200005b8        0x4 CMakeFiles/picoprobe.dir/D_/GitHub/pico-sdk/src/rp2_common/pico_mem_ops/mem_ops_aeabi.S.obj
 .preinit_array.00010
                0x200005bc        0x4 CMakeFiles/picoprobe.dir/D_/GitHub/pico-sdk/src/rp2_common/pico_bit_ops/bit_ops_aeabi.S.obj
 .preinit_array.00020
                0x200005c0        0x4 CMakeFiles/picoprobe.dir/D_/GitHub/pico-sdk/src/rp2_common/pico_double/double_aeabi.S.obj
 .preinit_array.00020
                0x200005c4        0x4 CMakeFiles/picoprobe.dir/D_/GitHub/pico-sdk/src/rp2_common/pico_float/float_aeabi.S.obj
 *(.preinit_array)
                0x200005c8                PROVIDE (__preinit_array_end = .)
                0x200005c8                . = ALIGN (0x4)
                0x200005c8                PROVIDE (__init_array_start = .)
 *(SORT_BY_NAME(.init_array.*))
 *(.init_array)
 .init_array    0x200005c8        0x4 c:/progra~2/gnutoo~1/92019-~1/bin/../lib/gcc/arm-none-eabi/9.2.1/thumb/v6-m/nofp/crtbegin.o
 .init_array    0x200005cc        0x4 CMakeFiles/picoprobe.dir/D_/GitHub/pico-sdk/src/rp2_common/pico_unique_id/unique_id.c.obj
                0x200005d0                PROVIDE (__init_array_end = .)
                0x200005d0                . = ALIGN (0x4)
                [!provide]                PROVIDE (__fini_array_start = .)
 *(SORT_BY_NAME(.fini_array.*))
 *(.fini_array)
                [!provide]                PROVIDE (__fini_array_end = .)
 *(.jcr)
                0x200005d0                . = ALIGN (0x4)
                0x200005d0                __data_end__ = .

.igot.plt       0x200005d0        0x0 load address 0x10009254
 .igot.plt      0x200005d0        0x0 c:/progra~2/gnutoo~1/92019-~1/bin/../lib/gcc/arm-none-eabi/9.2.1/thumb/v6-m/nofp/crtbegin.o

.uninitialized_data
                0x200005d0        0x0 load address 0x10009254
                0x200005d0                . = ALIGN (0x4)
 *(.uninitialized_data*)

.scratch_x      0x20040000        0x0 load address 0x10009254
                0x20040000                __scratch_x_start__ = .
 *(.scratch_x.*)
                0x20040000                . = ALIGN (0x4)
                0x20040000                __scratch_x_end__ = .
                0x10009254                __scratch_x_source__ = LOADADDR (.scratch_x)

.scratch_y      0x20041000        0x0 load address 0x10009254
                0x20041000                __scratch_y_start__ = .
 *(.scratch_y.*)
                0x20041000                . = ALIGN (0x4)
                0x20041000                __scratch_y_end__ = .
                0x10009254                __scratch_y_source__ = LOADADDR (.scratch_y)

.bss            0x200005d0     0x8ce0
                0x200005d0                . = ALIGN (0x4)
                0x200005d0                __bss_start__ = .
 *(SORT_BY_ALIGNMENT(SORT_BY_NAME(.bss*)))
 .bss.default_alarm_pool_entries
                0x200005d0      0x100 CMakeFiles/picoprobe.dir/D_/GitHub/pico-sdk/src/common/pico_time/time.c.obj
 .bss           0x200006d0       0x1c c:/progra~2/gnutoo~1/92019-~1/bin/../lib/gcc/arm-none-eabi/9.2.1/thumb/v6-m/nofp/crtbegin.o
 .bss._app_driver
                0x200006ec        0x4 CMakeFiles/picoprobe.dir/D_/GitHub/pico-sdk/lib/tinyusb/src/device/usbd.c.obj
 .bss._cdcd_itf
                0x200006f0      0x158 CMakeFiles/picoprobe.dir/D_/GitHub/pico-sdk/lib/tinyusb/src/class/cdc/cdc_device.c.obj
 .bss._ctrl_xfer
                0x20000848       0x14 CMakeFiles/picoprobe.dir/D_/GitHub/pico-sdk/lib/tinyusb/src/device/usbd_control.c.obj
 .bss._desc_str
                0x2000085c       0x40 CMakeFiles/picoprobe.dir/src/usb_descriptors.c.obj
 .bss._ubsd_mutexdef
                0x2000089c        0x8 CMakeFiles/picoprobe.dir/D_/GitHub/pico-sdk/lib/tinyusb/src/device/usbd.c.obj
 .bss._usbd_ctrl_buf
                0x200008a4       0x40 CMakeFiles/picoprobe.dir/D_/GitHub/pico-sdk/lib/tinyusb/src/device/usbd_control.c.obj
 .bss._usbd_dev
                0x200008e4       0x37 CMakeFiles/picoprobe.dir/D_/GitHub/pico-sdk/lib/tinyusb/src/device/usbd.c.obj
 *fill*         0x2000091b        0x1 
 .bss._usbd_mutex
                0x2000091c        0x4 CMakeFiles/picoprobe.dir/D_/GitHub/pico-sdk/lib/tinyusb/src/device/usbd.c.obj
 .bss._usbd_q   0x20000920        0x4 CMakeFiles/picoprobe.dir/D_/GitHub/pico-sdk/lib/tinyusb/src/device/usbd.c.obj
 .bss._used_instruction_space
                0x20000924        0x8 CMakeFiles/picoprobe.dir/D_/GitHub/pico-sdk/src/rp2_common/hardware_pio/pio.c.obj
 .bss._vendord_itf
                0x2000092c     0x40cc CMakeFiles/picoprobe.dir/D_/GitHub/pico-sdk/lib/tinyusb/src/class/vendor/vendor_device.c.obj
 .bss.alarm_callbacks
                0x200049f8       0x10 CMakeFiles/picoprobe.dir/D_/GitHub/pico-sdk/src/rp2_common/hardware_timer/timer.c.obj
 .bss.boot2_copyout
                0x20004a08      0x100 CMakeFiles/picoprobe.dir/D_/GitHub/pico-sdk/src/rp2_common/hardware_flash/flash.c.obj